arm-none-eabi-gcc -mcpu=cortex-m0plus -mthumb -O2 -Wall -Wextra -g -fdata-sections -ffunction-sections -DUSE_HAL_DRIVER -DSTM32WL55xx -DCORE_CM0PLUS -DUSE_BSP_DRIVER -I. -IInc -Iradio_driver -Ihal -Isubghz -Ibsp -Icore -Itarget -I/home/prem/Downloads/stm32cubewl-v1-6-0/STM32Cube_FW_WL_V1.6.0/Drivers/CMSIS/Device/ST/STM32WLxx/Include -I/home/prem/Downloads/stm32cubewl-v1-6-0/STM32Cube_FW_WL_V1.6.0/Drivers/CMSIS/Include -I/home/prem/Downloads/stm32cubewl-v1-6-0/STM32Cube_FW_WL_V1.6.0/Drivers/STM32WLxx_HAL_Driver/Inc -I/home/prem/Downloads/stm32cubewl-v1-6-0/STM32Cube_FW_WL_V1.6.0/Drivers/BSP/STM32WLxx_Nucleo -I/home/prem/Downloads/stm32cubewl-v1-6-0/STM32Cube_FW_WL_V1.6.0/Drivers/BSP/Components -I/home/prem/Downloads/stm32cubewl-v1-6-0/STM32Cube_FW_WL_V1.6.0/Projects/NUCLEO-WL55JC/Applications/SubGHz_Phy/SubGHz_Phy_PingPong_DualCore/Common/Board -I/home/prem/Downloads/stm32cubewl-v1-6-0/STM32Cube_FW_WL_V1.6.0/Utilities/misc -I/home/prem/Downloads/stm32cubewl-v1-6-0/STM32Cube_FW_WL_V1.6.0/Projects/NUCLEO-WL55JC/Applications/SubGHz_Phy/SubGHz_Phy_PingPong_DualCore/CM0PLUS/MbMux -I/home/prem/Downloads/stm32cubewl-v1-6-0/STM32Cube_FW_WL_V1.6.0/Projects/NUCLEO-WL55JC/Applications/SubGHz_Phy/SubGHz_Phy_PingPong_DualCore/Common/MbMux -I/home/prem/Downloads/stm32cubewl-v1-6-0/STM32Cube_FW_WL_V1.6.0/Projects/NUCLEO-WL55JC/Applications/SubGHz_Phy/SubGHz_Phy_PingPong_DualCore/CM0PLUS/Core/Inc -I/home/prem/Downloads/stm32cubewl-v1-6-0/STM32Cube_FW_WL_V1.6.0/Projects/NUCLEO-WL55JC/Applications/SubGHz_Phy/SubGHz_Phy_PingPong_DualCore/CM0PLUS/SubGHz_Phy/Target -I/home/prem/Downloads/stm32cubewl-v1-6-0/STM32Cube_FW_WL_V1.6.0/Utilities/trace/adv_trace -I/home/prem/Downloads/stm32cubewl-v1-6-0/STM32Cube_FW_WL_V1.6.0/Projects/NUCLEO-WL55JC/Applications/SubGHz_Phy/SubGHz_Phy_PingPong_DualCore/Common/System -I/home/prem/Downloads/stm32cubewl-v1-6-0/STM32Cube_FW_WL_V1.6.0/Utilities/timer -c ipcc_m0plus_main.c -o ipcc_m0plus_main.o
arm-none-eabi-gcc -mcpu=cortex-m0plus -mthumb -O2 -Wall -Wextra -g -fdata-sections -ffunction-sections -DUSE_HAL_DRIVER -DSTM32WL55xx -DCORE_CM0PLUS -DUSE_BSP_DRIVER -I. -IInc -Iradio_driver -Ihal -Isubghz -Ibsp -Icore -Itarget -I/home/prem/Downloads/stm32cubewl-v1-6-0/STM32Cube_FW_WL_V1.6.0/Drivers/CMSIS/Device/ST/STM32WLxx/Include -I/home/prem/Downloads/stm32cubewl-v1-6-0/STM32Cube_FW_WL_V1.6.0/Drivers/CMSIS/Include -I/home/prem/Downloads/stm32cubewl-v1-6-0/STM32Cube_FW_WL_V1.6.0/Drivers/STM32WLxx_HAL_Driver/Inc -I/home/prem/Downloads/stm32cubewl-v1-6-0/STM32Cube_FW_WL_V1.6.0/Drivers/BSP/STM32WLxx_Nucleo -I/home/prem/Downloads/stm32cubewl-v1-6-0/STM32Cube_FW_WL_V1.6.0/Drivers/BSP/Components -I/home/prem/Downloads/stm32cubewl-v1-6-0/STM32Cube_FW_WL_V1.6.0/Projects/NUCLEO-WL55JC/Applications/SubGHz_Phy/SubGHz_Phy_PingPong_DualCore/Common/Board -I/home/prem/Downloads/stm32cubewl-v1-6-0/STM32Cube_FW_WL_V1.6.0/Utilities/misc -I/home/prem/Downloads/stm32cubewl-v1-6-0/STM32Cube_FW_WL_V1.6.0/Projects/NUCLEO-WL55JC/Applications/SubGHz_Phy/SubGHz_Phy_PingPong_DualCore/CM0PLUS/MbMux -I/home/prem/Downloads/stm32cubewl-v1-6-0/STM32Cube_FW_WL_V1.6.0/Projects/NUCLEO-WL55JC/Applications/SubGHz_Phy/SubGHz_Phy_PingPong_DualCore/Common/MbMux -I/home/prem/Downloads/stm32cubewl-v1-6-0/STM32Cube_FW_WL_V1.6.0/Projects/NUCLEO-WL55JC/Applications/SubGHz_Phy/SubGHz_Phy_PingPong_DualCore/CM0PLUS/Core/Inc -I/home/prem/Downloads/stm32cubewl-v1-6-0/STM32Cube_FW_WL_V1.6.0/Projects/NUCLEO-WL55JC/Applications/SubGHz_Phy/SubGHz_Phy_PingPong_DualCore/CM0PLUS/SubGHz_Phy/Target -I/home/prem/Downloads/stm32cubewl-v1-6-0/STM32Cube_FW_WL_V1.6.0/Utilities/trace/adv_trace -I/home/prem/Downloads/stm32cubewl-v1-6-0/STM32Cube_FW_WL_V1.6.0/Projects/NUCLEO-WL55JC/Applications/SubGHz_Phy/SubGHz_Phy_PingPong_DualCore/Common/System -I/home/prem/Downloads/stm32cubewl-v1-6-0/STM32Cube_FW_WL_V1.6.0/Utilities/timer -c uart_debug.c -o uart_debug.o
arm-none-eabi-gcc -mcpu=cortex-m0plus -mthumb -O2 -Wall -Wextra -g -fdata-sections -ffunction-sections -DUSE_HAL_DRIVER -DSTM32WL55xx -DCORE_CM0PLUS -DUSE_BSP_DRIVER -I. -IInc -Iradio_driver -Ihal -Isubghz -Ibsp -Icore -Itarget -I/home/prem/Downloads/stm32cubewl-v1-6-0/STM32Cube_FW_WL_V1.6.0/Drivers/CMSIS/Device/ST/STM32WLxx/Include -I/home/prem/Downloads/stm32cubewl-v1-6-0/STM32Cube_FW_WL_V1.6.0/Drivers/CMSIS/Include -I/home/prem/Downloads/stm32cubewl-v1-6-0/STM32Cube_FW_WL_V1.6.0/Drivers/STM32WLxx_HAL_Driver/Inc -I/home/prem/Downloads/stm32cubewl-v1-6-0/STM32Cube_FW_WL_V1.6.0/Drivers/BSP/STM32WLxx_Nucleo -I/home/prem/Downloads/stm32cubewl-v1-6-0/STM32Cube_FW_WL_V1.6.0/Drivers/BSP/Components -I/home/prem/Downloads/stm32cubewl-v1-6-0/STM32Cube_FW_WL_V1.6.0/Projects/NUCLEO-WL55JC/Applications/SubGHz_Phy/SubGHz_Phy_PingPong_DualCore/Common/Board -I/home/prem/Downloads/stm32cubewl-v1-6-0/STM32Cube_FW_WL_V1.6.0/Utilities/misc -I/home/prem/Downloads/stm32cubewl-v1-6-0/STM32Cube_FW_WL_V1.6.0/Projects/NUCLEO-WL55JC/Applications/SubGHz_Phy/SubGHz_Phy_PingPong_DualCore/CM0PLUS/MbMux -I/home/prem/Downloads/stm32cubewl-v1-6-0/STM32Cube_FW_WL_V1.6.0/Projects/NUCLEO-WL55JC/Applications/SubGHz_Phy/SubGHz_Phy_PingPong_DualCore/Common/MbMux -I/home/prem/Downloads/stm32cubewl-v1-6-0/STM32Cube_FW_WL_V1.6.0/Projects/NUCLEO-WL55JC/Applications/SubGHz_Phy/SubGHz_Phy_PingPong_DualCore/CM0PLUS/Core/Inc -I/home/prem/Downloads/stm32cubewl-v1-6-0/STM32Cube_FW_WL_V1.6.0/Projects/NUCLEO-WL55JC/Applications/SubGHz_Phy/SubGHz_Phy_PingPong_DualCore/CM0PLUS/SubGHz_Phy/Target -I/home/prem/Downloads/stm32cubewl-v1-6-0/STM32Cube_FW_WL_V1.6.0/Utilities/trace/adv_trace -I/home/prem/Downloads/stm32cubewl-v1-6-0/STM32Cube_FW_WL_V1.6.0/Projects/NUCLEO-WL55JC/Applications/SubGHz_Phy/SubGHz_Phy_PingPong_DualCore/Common/System -I/home/prem/Downloads/stm32cubewl-v1-6-0/STM32Cube_FW_WL_V1.6.0/Utilities/timer -c core/stm32_seq.c -o core/stm32_seq.o
arm-none-eabi-gcc -mcpu=cortex-m0plus -mthumb -O2 -Wall -Wextra -g -fdata-sections -ffunction-sections -DUSE_HAL_DRIVER -DSTM32WL55xx -DCORE_CM0PLUS -DUSE_BSP_DRIVER -I. -IInc -Iradio_driver -Ihal -Isubghz -Ibsp -Icore -Itarget -I/home/prem/Downloads/stm32cubewl-v1-6-0/STM32Cube_FW_WL_V1.6.0/Drivers/CMSIS/Device/ST/STM32WLxx/Include -I/home/prem/Downloads/stm32cubewl-v1-6-0/STM32Cube_FW_WL_V1.6.0/Drivers/CMSIS/Include -I/home/prem/Downloads/stm32cubewl-v1-6-0/STM32Cube_FW_WL_V1.6.0/Drivers/STM32WLxx_HAL_Driver/Inc -I/home/prem/Downloads/stm32cubewl-v1-6-0/STM32Cube_FW_WL_V1.6.0/Drivers/BSP/STM32WLxx_Nucleo -I/home/prem/Downloads/stm32cubewl-v1-6-0/STM32Cube_FW_WL_V1.6.0/Drivers/BSP/Components -I/home/prem/Downloads/stm32cubewl-v1-6-0/STM32Cube_FW_WL_V1.6.0/Projects/NUCLEO-WL55JC/Applications/SubGHz_Phy/SubGHz_Phy_PingPong_DualCore/Common/Board -I/home/prem/Downloads/stm32cubewl-v1-6-0/STM32Cube_FW_WL_V1.6.0/Utilities/misc -I/home/prem/Downloads/stm32cubewl-v1-6-0/STM32Cube_FW_WL_V1.6.0/Projects/NUCLEO-WL55JC/Applications/SubGHz_Phy/SubGHz_Phy_PingPong_DualCore/CM0PLUS/MbMux -I/home/prem/Downloads/stm32cubewl-v1-6-0/STM32Cube_FW_WL_V1.6.0/Projects/NUCLEO-WL55JC/Applications/SubGHz_Phy/SubGHz_Phy_PingPong_DualCore/Common/MbMux -I/home/prem/Downloads/stm32cubewl-v1-6-0/STM32Cube_FW_WL_V1.6.0/Projects/NUCLEO-WL55JC/Applications/SubGHz_Phy/SubGHz_Phy_PingPong_DualCore/CM0PLUS/Core/Inc -I/home/prem/Downloads/stm32cubewl-v1-6-0/STM32Cube_FW_WL_V1.6.0/Projects/NUCLEO-WL55JC/Applications/SubGHz_Phy/SubGHz_Phy_PingPong_DualCore/CM0PLUS/SubGHz_Phy/Target -I/home/prem/Downloads/stm32cubewl-v1-6-0/STM32Cube_FW_WL_V1.6.0/Utilities/trace/adv_trace -I/home/prem/Downloads/stm32cubewl-v1-6-0/STM32Cube_FW_WL_V1.6.0/Projects/NUCLEO-WL55JC/Applications/SubGHz_Phy/SubGHz_Phy_PingPong_DualCore/Common/System -I/home/prem/Downloads/stm32cubewl-v1-6-0/STM32Cube_FW_WL_V1.6.0/Utilities/timer -c core/stm32_lpm.c -o core/stm32_lpm.o
arm-none-eabi-gcc -mcpu=cortex-m0plus -mthumb -O2 -Wall -Wextra -g -fdata-sections -ffunction-sections -DUSE_HAL_DRIVER -DSTM32WL55xx -DCORE_CM0PLUS -DUSE_BSP_DRIVER -I. -IInc -Iradio_driver -Ihal -Isubghz -Ibsp -Icore -Itarget -I/home/prem/Downloads/stm32cubewl-v1-6-0/STM32Cube_FW_WL_V1.6.0/Drivers/CMSIS/Device/ST/STM32WLxx/Include -I/home/prem/Downloads/stm32cubewl-v1-6-0/STM32Cube_FW_WL_V1.6.0/Drivers/CMSIS/Include -I/home/prem/Downloads/stm32cubewl-v1-6-0/STM32Cube_FW_WL_V1.6.0/Drivers/STM32WLxx_HAL_Driver/Inc -I/home/prem/Downloads/stm32cubewl-v1-6-0/STM32Cube_FW_WL_V1.6.0/Drivers/BSP/STM32WLxx_Nucleo -I/home/prem/Downloads/stm32cubewl-v1-6-0/STM32Cube_FW_WL_V1.6.0/Drivers/BSP/Components -I/home/prem/Downloads/stm32cubewl-v1-6-0/STM32Cube_FW_WL_V1.6.0/Projects/NUCLEO-WL55JC/Applications/SubGHz_Phy/SubGHz_Phy_PingPong_DualCore/Common/Board -I/home/prem/Downloads/stm32cubewl-v1-6-0/STM32Cube_FW_WL_V1.6.0/Utilities/misc -I/home/prem/Downloads/stm32cubewl-v1-6-0/STM32Cube_FW_WL_V1.6.0/Projects/NUCLEO-WL55JC/Applications/SubGHz_Phy/SubGHz_Phy_PingPong_DualCore/CM0PLUS/MbMux -I/home/prem/Downloads/stm32cubewl-v1-6-0/STM32Cube_FW_WL_V1.6.0/Projects/NUCLEO-WL55JC/Applications/SubGHz_Phy/SubGHz_Phy_PingPong_DualCore/Common/MbMux -I/home/prem/Downloads/stm32cubewl-v1-6-0/STM32Cube_FW_WL_V1.6.0/Projects/NUCLEO-WL55JC/Applications/SubGHz_Phy/SubGHz_Phy_PingPong_DualCore/CM0PLUS/Core/Inc -I/home/prem/Downloads/stm32cubewl-v1-6-0/STM32Cube_FW_WL_V1.6.0/Projects/NUCLEO-WL55JC/Applications/SubGHz_Phy/SubGHz_Phy_PingPong_DualCore/CM0PLUS/SubGHz_Phy/Target -I/home/prem/Downloads/stm32cubewl-v1-6-0/STM32Cube_FW_WL_V1.6.0/Utilities/trace/adv_trace -I/home/prem/Downloads/stm32cubewl-v1-6-0/STM32Cube_FW_WL_V1.6.0/Projects/NUCLEO-WL55JC/Applications/SubGHz_Phy/SubGHz_Phy_PingPong_DualCore/Common/System -I/home/prem/Downloads/stm32cubewl-v1-6-0/STM32Cube_FW_WL_V1.6.0/Utilities/timer -c core/stm32_mem.c -o core/stm32_mem.o
arm-none-eabi-gcc -mcpu=cortex-m0plus -mthumb -O2 -Wall -Wextra -g -fdata-sections -ffunction-sections -DUSE_HAL_DRIVER -DSTM32WL55xx -DCORE_CM0PLUS -DUSE_BSP_DRIVER -I. -IInc -Iradio_driver -Ihal -Isubghz -Ibsp -Icore -Itarget -I/home/prem/Downloads/stm32cubewl-v1-6-0/STM32Cube_FW_WL_V1.6.0/Drivers/CMSIS/Device/ST/STM32WLxx/Include -I/home/prem/Downloads/stm32cubewl-v1-6-0/STM32Cube_FW_WL_V1.6.0/Drivers/CMSIS/Include -I/home/prem/Downloads/stm32cubewl-v1-6-0/STM32Cube_FW_WL_V1.6.0/Drivers/STM32WLxx_HAL_Driver/Inc -I/home/prem/Downloads/stm32cubewl-v1-6-0/STM32Cube_FW_WL_V1.6.0/Drivers/BSP/STM32WLxx_Nucleo -I/home/prem/Downloads/stm32cubewl-v1-6-0/STM32Cube_FW_WL_V1.6.0/Drivers/BSP/Components -I/home/prem/Downloads/stm32cubewl-v1-6-0/STM32Cube_FW_WL_V1.6.0/Projects/NUCLEO-WL55JC/Applications/SubGHz_Phy/SubGHz_Phy_PingPong_DualCore/Common/Board -I/home/prem/Downloads/stm32cubewl-v1-6-0/STM32Cube_FW_WL_V1.6.0/Utilities/misc -I/home/prem/Downloads/stm32cubewl-v1-6-0/STM32Cube_FW_WL_V1.6.0/Projects/NUCLEO-WL55JC/Applications/SubGHz_Phy/SubGHz_Phy_PingPong_DualCore/CM0PLUS/MbMux -I/home/prem/Downloads/stm32cubewl-v1-6-0/STM32Cube_FW_WL_V1.6.0/Projects/NUCLEO-WL55JC/Applications/SubGHz_Phy/SubGHz_Phy_PingPong_DualCore/Common/MbMux -I/home/prem/Downloads/stm32cubewl-v1-6-0/STM32Cube_FW_WL_V1.6.0/Projects/NUCLEO-WL55JC/Applications/SubGHz_Phy/SubGHz_Phy_PingPong_DualCore/CM0PLUS/Core/Inc -I/home/prem/Downloads/stm32cubewl-v1-6-0/STM32Cube_FW_WL_V1.6.0/Projects/NUCLEO-WL55JC/Applications/SubGHz_Phy/SubGHz_Phy_PingPong_DualCore/CM0PLUS/SubGHz_Phy/Target -I/home/prem/Downloads/stm32cubewl-v1-6-0/STM32Cube_FW_WL_V1.6.0/Utilities/trace/adv_trace -I/home/prem/Downloads/stm32cubewl-v1-6-0/STM32Cube_FW_WL_V1.6.0/Projects/NUCLEO-WL55JC/Applications/SubGHz_Phy/SubGHz_Phy_PingPong_DualCore/Common/System -I/home/prem/Downloads/stm32cubewl-v1-6-0/STM32Cube_FW_WL_V1.6.0/Utilities/timer -c core/system_stm32wlxx.c -o core/system_stm32wlxx.o
arm-none-eabi-gcc -mcpu=cortex-m0plus -mthumb -O2 -Wall -Wextra -g -fdata-sections -ffunction-sections -DUSE_HAL_DRIVER -DSTM32WL55xx -DCORE_CM0PLUS -DUSE_BSP_DRIVER -I. -IInc -Iradio_driver -Ihal -Isubghz -Ibsp -Icore -Itarget -I/home/prem/Downloads/stm32cubewl-v1-6-0/STM32Cube_FW_WL_V1.6.0/Drivers/CMSIS/Device/ST/STM32WLxx/Include -I/home/prem/Downloads/stm32cubewl-v1-6-0/STM32Cube_FW_WL_V1.6.0/Drivers/CMSIS/Include -I/home/prem/Downloads/stm32cubewl-v1-6-0/STM32Cube_FW_WL_V1.6.0/Drivers/STM32WLxx_HAL_Driver/Inc -I/home/prem/Downloads/stm32cubewl-v1-6-0/STM32Cube_FW_WL_V1.6.0/Drivers/BSP/STM32WLxx_Nucleo -I/home/prem/Downloads/stm32cubewl-v1-6-0/STM32Cube_FW_WL_V1.6.0/Drivers/BSP/Components -I/home/prem/Downloads/stm32cubewl-v1-6-0/STM32Cube_FW_WL_V1.6.0/Projects/NUCLEO-WL55JC/Applications/SubGHz_Phy/SubGHz_Phy_PingPong_DualCore/Common/Board -I/home/prem/Downloads/stm32cubewl-v1-6-0/STM32Cube_FW_WL_V1.6.0/Utilities/misc -I/home/prem/Downloads/stm32cubewl-v1-6-0/STM32Cube_FW_WL_V1.6.0/Projects/NUCLEO-WL55JC/Applications/SubGHz_Phy/SubGHz_Phy_PingPong_DualCore/CM0PLUS/MbMux -I/home/prem/Downloads/stm32cubewl-v1-6-0/STM32Cube_FW_WL_V1.6.0/Projects/NUCLEO-WL55JC/Applications/SubGHz_Phy/SubGHz_Phy_PingPong_DualCore/Common/MbMux -I/home/prem/Downloads/stm32cubewl-v1-6-0/STM32Cube_FW_WL_V1.6.0/Projects/NUCLEO-WL55JC/Applications/SubGHz_Phy/SubGHz_Phy_PingPong_DualCore/CM0PLUS/Core/Inc -I/home/prem/Downloads/stm32cubewl-v1-6-0/STM32Cube_FW_WL_V1.6.0/Projects/NUCLEO-WL55JC/Applications/SubGHz_Phy/SubGHz_Phy_PingPong_DualCore/CM0PLUS/SubGHz_Phy/Target -I/home/prem/Downloads/stm32cubewl-v1-6-0/STM32Cube_FW_WL_V1.6.0/Utilities/trace/adv_trace -I/home/prem/Downloads/stm32cubewl-v1-6-0/STM32Cube_FW_WL_V1.6.0/Projects/NUCLEO-WL55JC/Applications/SubGHz_Phy/SubGHz_Phy_PingPong_DualCore/Common/System -I/home/prem/Downloads/stm32cubewl-v1-6-0/STM32Cube_FW_WL_V1.6.0/Utilities/timer -c core/timer_if.c -o core/timer_if.o
core/timer_if.c: In function 'HAL_RTC_AlarmAEventCallback':
core/timer_if.c:378:53: warning: unused parameter 'hrtc' [-Wunused-parameter]
  378 | void HAL_RTC_AlarmAEventCallback(RTC_HandleTypeDef *hrtc)
      |                                  ~~~~~~~~~~~~~~~~~~~^~~~
core/timer_if.c: In function 'HAL_RTCEx_AlarmBEventCallback':
core/timer_if.c:401:55: warning: unused parameter 'hrtc' [-Wunused-parameter]
  401 | void HAL_RTCEx_AlarmBEventCallback(RTC_HandleTypeDef *hrtc)
      |                                    ~~~~~~~~~~~~~~~~~~~^~~~
core/timer_if.c: In function 'HAL_RTCEx_SSRUEventCallback':
core/timer_if.c:412:53: warning: unused parameter 'hrtc' [-Wunused-parameter]
  412 | void HAL_RTCEx_SSRUEventCallback(RTC_HandleTypeDef *hrtc)
      |                                  ~~~~~~~~~~~~~~~~~~~^~~~
arm-none-eabi-gcc -mcpu=cortex-m0plus -mthumb -O2 -Wall -Wextra -g -fdata-sections -ffunction-sections -DUSE_HAL_DRIVER -DSTM32WL55xx -DCORE_CM0PLUS -DUSE_BSP_DRIVER -I. -IInc -Iradio_driver -Ihal -Isubghz -Ibsp -Icore -Itarget -I/home/prem/Downloads/stm32cubewl-v1-6-0/STM32Cube_FW_WL_V1.6.0/Drivers/CMSIS/Device/ST/STM32WLxx/Include -I/home/prem/Downloads/stm32cubewl-v1-6-0/STM32Cube_FW_WL_V1.6.0/Drivers/CMSIS/Include -I/home/prem/Downloads/stm32cubewl-v1-6-0/STM32Cube_FW_WL_V1.6.0/Drivers/STM32WLxx_HAL_Driver/Inc -I/home/prem/Downloads/stm32cubewl-v1-6-0/STM32Cube_FW_WL_V1.6.0/Drivers/BSP/STM32WLxx_Nucleo -I/home/prem/Downloads/stm32cubewl-v1-6-0/STM32Cube_FW_WL_V1.6.0/Drivers/BSP/Components -I/home/prem/Downloads/stm32cubewl-v1-6-0/STM32Cube_FW_WL_V1.6.0/Projects/NUCLEO-WL55JC/Applications/SubGHz_Phy/SubGHz_Phy_PingPong_DualCore/Common/Board -I/home/prem/Downloads/stm32cubewl-v1-6-0/STM32Cube_FW_WL_V1.6.0/Utilities/misc -I/home/prem/Downloads/stm32cubewl-v1-6-0/STM32Cube_FW_WL_V1.6.0/Projects/NUCLEO-WL55JC/Applications/SubGHz_Phy/SubGHz_Phy_PingPong_DualCore/CM0PLUS/MbMux -I/home/prem/Downloads/stm32cubewl-v1-6-0/STM32Cube_FW_WL_V1.6.0/Projects/NUCLEO-WL55JC/Applications/SubGHz_Phy/SubGHz_Phy_PingPong_DualCore/Common/MbMux -I/home/prem/Downloads/stm32cubewl-v1-6-0/STM32Cube_FW_WL_V1.6.0/Projects/NUCLEO-WL55JC/Applications/SubGHz_Phy/SubGHz_Phy_PingPong_DualCore/CM0PLUS/Core/Inc -I/home/prem/Downloads/stm32cubewl-v1-6-0/STM32Cube_FW_WL_V1.6.0/Projects/NUCLEO-WL55JC/Applications/SubGHz_Phy/SubGHz_Phy_PingPong_DualCore/CM0PLUS/SubGHz_Phy/Target -I/home/prem/Downloads/stm32cubewl-v1-6-0/STM32Cube_FW_WL_V1.6.0/Utilities/trace/adv_trace -I/home/prem/Downloads/stm32cubewl-v1-6-0/STM32Cube_FW_WL_V1.6.0/Projects/NUCLEO-WL55JC/Applications/SubGHz_Phy/SubGHz_Phy_PingPong_DualCore/Common/System -I/home/prem/Downloads/stm32cubewl-v1-6-0/STM32Cube_FW_WL_V1.6.0/Utilities/timer -c core/rtc.c -o core/rtc.o
arm-none-eabi-gcc -mcpu=cortex-m0plus -mthumb -O2 -Wall -Wextra -g -fdata-sections -ffunction-sections -DUSE_HAL_DRIVER -DSTM32WL55xx -DCORE_CM0PLUS -DUSE_BSP_DRIVER -I. -IInc -Iradio_driver -Ihal -Isubghz -Ibsp -Icore -Itarget -I/home/prem/Downloads/stm32cubewl-v1-6-0/STM32Cube_FW_WL_V1.6.0/Drivers/CMSIS/Device/ST/STM32WLxx/Include -I/home/prem/Downloads/stm32cubewl-v1-6-0/STM32Cube_FW_WL_V1.6.0/Drivers/CMSIS/Include -I/home/prem/Downloads/stm32cubewl-v1-6-0/STM32Cube_FW_WL_V1.6.0/Drivers/STM32WLxx_HAL_Driver/Inc -I/home/prem/Downloads/stm32cubewl-v1-6-0/STM32Cube_FW_WL_V1.6.0/Drivers/BSP/STM32WLxx_Nucleo -I/home/prem/Downloads/stm32cubewl-v1-6-0/STM32Cube_FW_WL_V1.6.0/Drivers/BSP/Components -I/home/prem/Downloads/stm32cubewl-v1-6-0/STM32Cube_FW_WL_V1.6.0/Projects/NUCLEO-WL55JC/Applications/SubGHz_Phy/SubGHz_Phy_PingPong_DualCore/Common/Board -I/home/prem/Downloads/stm32cubewl-v1-6-0/STM32Cube_FW_WL_V1.6.0/Utilities/misc -I/home/prem/Downloads/stm32cubewl-v1-6-0/STM32Cube_FW_WL_V1.6.0/Projects/NUCLEO-WL55JC/Applications/SubGHz_Phy/SubGHz_Phy_PingPong_DualCore/CM0PLUS/MbMux -I/home/prem/Downloads/stm32cubewl-v1-6-0/STM32Cube_FW_WL_V1.6.0/Projects/NUCLEO-WL55JC/Applications/SubGHz_Phy/SubGHz_Phy_PingPong_DualCore/Common/MbMux -I/home/prem/Downloads/stm32cubewl-v1-6-0/STM32Cube_FW_WL_V1.6.0/Projects/NUCLEO-WL55JC/Applications/SubGHz_Phy/SubGHz_Phy_PingPong_DualCore/CM0PLUS/Core/Inc -I/home/prem/Downloads/stm32cubewl-v1-6-0/STM32Cube_FW_WL_V1.6.0/Projects/NUCLEO-WL55JC/Applications/SubGHz_Phy/SubGHz_Phy_PingPong_DualCore/CM0PLUS/SubGHz_Phy/Target -I/home/prem/Downloads/stm32cubewl-v1-6-0/STM32Cube_FW_WL_V1.6.0/Utilities/trace/adv_trace -I/home/prem/Downloads/stm32cubewl-v1-6-0/STM32Cube_FW_WL_V1.6.0/Projects/NUCLEO-WL55JC/Applications/SubGHz_Phy/SubGHz_Phy_PingPong_DualCore/Common/System -I/home/prem/Downloads/stm32cubewl-v1-6-0/STM32Cube_FW_WL_V1.6.0/Utilities/timer -c core/error_handler.c -o core/error_handler.o
arm-none-eabi-gcc -mcpu=cortex-m0plus -mthumb -O2 -Wall -Wextra -g -fdata-sections -ffunction-sections -DUSE_HAL_DRIVER -DSTM32WL55xx -DCORE_CM0PLUS -DUSE_BSP_DRIVER -I. -IInc -Iradio_driver -Ihal -Isubghz -Ibsp -Icore -Itarget -I/home/prem/Downloads/stm32cubewl-v1-6-0/STM32Cube_FW_WL_V1.6.0/Drivers/CMSIS/Device/ST/STM32WLxx/Include -I/home/prem/Downloads/stm32cubewl-v1-6-0/STM32Cube_FW_WL_V1.6.0/Drivers/CMSIS/Include -I/home/prem/Downloads/stm32cubewl-v1-6-0/STM32Cube_FW_WL_V1.6.0/Drivers/STM32WLxx_HAL_Driver/Inc -I/home/prem/Downloads/stm32cubewl-v1-6-0/STM32Cube_FW_WL_V1.6.0/Drivers/BSP/STM32WLxx_Nucleo -I/home/prem/Downloads/stm32cubewl-v1-6-0/STM32Cube_FW_WL_V1.6.0/Drivers/BSP/Components -I/home/prem/Downloads/stm32cubewl-v1-6-0/STM32Cube_FW_WL_V1.6.0/Projects/NUCLEO-WL55JC/Applications/SubGHz_Phy/SubGHz_Phy_PingPong_DualCore/Common/Board -I/home/prem/Downloads/stm32cubewl-v1-6-0/STM32Cube_FW_WL_V1.6.0/Utilities/misc -I/home/prem/Downloads/stm32cubewl-v1-6-0/STM32Cube_FW_WL_V1.6.0/Projects/NUCLEO-WL55JC/Applications/SubGHz_Phy/SubGHz_Phy_PingPong_DualCore/CM0PLUS/MbMux -I/home/prem/Downloads/stm32cubewl-v1-6-0/STM32Cube_FW_WL_V1.6.0/Projects/NUCLEO-WL55JC/Applications/SubGHz_Phy/SubGHz_Phy_PingPong_DualCore/Common/MbMux -I/home/prem/Downloads/stm32cubewl-v1-6-0/STM32Cube_FW_WL_V1.6.0/Projects/NUCLEO-WL55JC/Applications/SubGHz_Phy/SubGHz_Phy_PingPong_DualCore/CM0PLUS/Core/Inc -I/home/prem/Downloads/stm32cubewl-v1-6-0/STM32Cube_FW_WL_V1.6.0/Projects/NUCLEO-WL55JC/Applications/SubGHz_Phy/SubGHz_Phy_PingPong_DualCore/CM0PLUS/SubGHz_Phy/Target -I/home/prem/Downloads/stm32cubewl-v1-6-0/STM32Cube_FW_WL_V1.6.0/Utilities/trace/adv_trace -I/home/prem/Downloads/stm32cubewl-v1-6-0/STM32Cube_FW_WL_V1.6.0/Projects/NUCLEO-WL55JC/Applications/SubGHz_Phy/SubGHz_Phy_PingPong_DualCore/Common/System -I/home/prem/Downloads/stm32cubewl-v1-6-0/STM32Cube_FW_WL_V1.6.0/Utilities/timer -c core/stm32_adv_trace.c -o core/stm32_adv_trace.o
core/stm32_adv_trace.c: In function 'TRACE_TxCpltCallback':
core/stm32_adv_trace.c:608:40: warning: unused parameter 'Ptr' [-Wunused-parameter]
  608 | static void TRACE_TxCpltCallback(void *Ptr)
      |                                  ~~~~~~^~~
arm-none-eabi-gcc -mcpu=cortex-m0plus -mthumb -O2 -Wall -Wextra -g -fdata-sections -ffunction-sections -DUSE_HAL_DRIVER -DSTM32WL55xx -DCORE_CM0PLUS -DUSE_BSP_DRIVER -I. -IInc -Iradio_driver -Ihal -Isubghz -Ibsp -Icore -Itarget -I/home/prem/Downloads/stm32cubewl-v1-6-0/STM32Cube_FW_WL_V1.6.0/Drivers/CMSIS/Device/ST/STM32WLxx/Include -I/home/prem/Downloads/stm32cubewl-v1-6-0/STM32Cube_FW_WL_V1.6.0/Drivers/CMSIS/Include -I/home/prem/Downloads/stm32cubewl-v1-6-0/STM32Cube_FW_WL_V1.6.0/Drivers/STM32WLxx_HAL_Driver/Inc -I/home/prem/Downloads/stm32cubewl-v1-6-0/STM32Cube_FW_WL_V1.6.0/Drivers/BSP/STM32WLxx_Nucleo -I/home/prem/Downloads/stm32cubewl-v1-6-0/STM32Cube_FW_WL_V1.6.0/Drivers/BSP/Components -I/home/prem/Downloads/stm32cubewl-v1-6-0/STM32Cube_FW_WL_V1.6.0/Projects/NUCLEO-WL55JC/Applications/SubGHz_Phy/SubGHz_Phy_PingPong_DualCore/Common/Board -I/home/prem/Downloads/stm32cubewl-v1-6-0/STM32Cube_FW_WL_V1.6.0/Utilities/misc -I/home/prem/Downloads/stm32cubewl-v1-6-0/STM32Cube_FW_WL_V1.6.0/Projects/NUCLEO-WL55JC/Applications/SubGHz_Phy/SubGHz_Phy_PingPong_DualCore/CM0PLUS/MbMux -I/home/prem/Downloads/stm32cubewl-v1-6-0/STM32Cube_FW_WL_V1.6.0/Projects/NUCLEO-WL55JC/Applications/SubGHz_Phy/SubGHz_Phy_PingPong_DualCore/Common/MbMux -I/home/prem/Downloads/stm32cubewl-v1-6-0/STM32Cube_FW_WL_V1.6.0/Projects/NUCLEO-WL55JC/Applications/SubGHz_Phy/SubGHz_Phy_PingPong_DualCore/CM0PLUS/Core/Inc -I/home/prem/Downloads/stm32cubewl-v1-6-0/STM32Cube_FW_WL_V1.6.0/Projects/NUCLEO-WL55JC/Applications/SubGHz_Phy/SubGHz_Phy_PingPong_DualCore/CM0PLUS/SubGHz_Phy/Target -I/home/prem/Downloads/stm32cubewl-v1-6-0/STM32Cube_FW_WL_V1.6.0/Utilities/trace/adv_trace -I/home/prem/Downloads/stm32cubewl-v1-6-0/STM32Cube_FW_WL_V1.6.0/Projects/NUCLEO-WL55JC/Applications/SubGHz_Phy/SubGHz_Phy_PingPong_DualCore/Common/System -I/home/prem/Downloads/stm32cubewl-v1-6-0/STM32Cube_FW_WL_V1.6.0/Utilities/timer -c core/stm32_tiny_vsnprintf.c -o core/stm32_tiny_vsnprintf.o
core/stm32_tiny_vsnprintf.c: In function 'tiny_vsnprintf_like':
core/stm32_tiny_vsnprintf.c:651:15: warning: this statement may fall through [-Wimplicit-fallthrough=]
  651 |         flags |= UPPERCASE;
      |               ^
core/stm32_tiny_vsnprintf.c:653:7: note: here
  653 |       case 'x':
      |       ^~~~
arm-none-eabi-gcc -mcpu=cortex-m0plus -mthumb -O2 -Wall -Wextra -g -fdata-sections -ffunction-sections -DUSE_HAL_DRIVER -DSTM32WL55xx -DCORE_CM0PLUS -DUSE_BSP_DRIVER -I. -IInc -Iradio_driver -Ihal -Isubghz -Ibsp -Icore -Itarget -I/home/prem/Downloads/stm32cubewl-v1-6-0/STM32Cube_FW_WL_V1.6.0/Drivers/CMSIS/Device/ST/STM32WLxx/Include -I/home/prem/Downloads/stm32cubewl-v1-6-0/STM32Cube_FW_WL_V1.6.0/Drivers/CMSIS/Include -I/home/prem/Downloads/stm32cubewl-v1-6-0/STM32Cube_FW_WL_V1.6.0/Drivers/STM32WLxx_HAL_Driver/Inc -I/home/prem/Downloads/stm32cubewl-v1-6-0/STM32Cube_FW_WL_V1.6.0/Drivers/BSP/STM32WLxx_Nucleo -I/home/prem/Downloads/stm32cubewl-v1-6-0/STM32Cube_FW_WL_V1.6.0/Drivers/BSP/Components -I/home/prem/Downloads/stm32cubewl-v1-6-0/STM32Cube_FW_WL_V1.6.0/Projects/NUCLEO-WL55JC/Applications/SubGHz_Phy/SubGHz_Phy_PingPong_DualCore/Common/Board -I/home/prem/Downloads/stm32cubewl-v1-6-0/STM32Cube_FW_WL_V1.6.0/Utilities/misc -I/home/prem/Downloads/stm32cubewl-v1-6-0/STM32Cube_FW_WL_V1.6.0/Projects/NUCLEO-WL55JC/Applications/SubGHz_Phy/SubGHz_Phy_PingPong_DualCore/CM0PLUS/MbMux -I/home/prem/Downloads/stm32cubewl-v1-6-0/STM32Cube_FW_WL_V1.6.0/Projects/NUCLEO-WL55JC/Applications/SubGHz_Phy/SubGHz_Phy_PingPong_DualCore/Common/MbMux -I/home/prem/Downloads/stm32cubewl-v1-6-0/STM32Cube_FW_WL_V1.6.0/Projects/NUCLEO-WL55JC/Applications/SubGHz_Phy/SubGHz_Phy_PingPong_DualCore/CM0PLUS/Core/Inc -I/home/prem/Downloads/stm32cubewl-v1-6-0/STM32Cube_FW_WL_V1.6.0/Projects/NUCLEO-WL55JC/Applications/SubGHz_Phy/SubGHz_Phy_PingPong_DualCore/CM0PLUS/SubGHz_Phy/Target -I/home/prem/Downloads/stm32cubewl-v1-6-0/STM32Cube_FW_WL_V1.6.0/Utilities/trace/adv_trace -I/home/prem/Downloads/stm32cubewl-v1-6-0/STM32Cube_FW_WL_V1.6.0/Projects/NUCLEO-WL55JC/Applications/SubGHz_Phy/SubGHz_Phy_PingPong_DualCore/Common/System -I/home/prem/Downloads/stm32cubewl-v1-6-0/STM32Cube_FW_WL_V1.6.0/Utilities/timer -c core/stm32_trace_driver.c -o core/stm32_trace_driver.o
arm-none-eabi-gcc -mcpu=cortex-m0plus -mthumb -O2 -Wall -Wextra -g -fdata-sections -ffunction-sections -DUSE_HAL_DRIVER -DSTM32WL55xx -DCORE_CM0PLUS -DUSE_BSP_DRIVER -I. -IInc -Iradio_driver -Ihal -Isubghz -Ibsp -Icore -Itarget -I/home/prem/Downloads/stm32cubewl-v1-6-0/STM32Cube_FW_WL_V1.6.0/Drivers/CMSIS/Device/ST/STM32WLxx/Include -I/home/prem/Downloads/stm32cubewl-v1-6-0/STM32Cube_FW_WL_V1.6.0/Drivers/CMSIS/Include -I/home/prem/Downloads/stm32cubewl-v1-6-0/STM32Cube_FW_WL_V1.6.0/Drivers/STM32WLxx_HAL_Driver/Inc -I/home/prem/Downloads/stm32cubewl-v1-6-0/STM32Cube_FW_WL_V1.6.0/Drivers/BSP/STM32WLxx_Nucleo -I/home/prem/Downloads/stm32cubewl-v1-6-0/STM32Cube_FW_WL_V1.6.0/Drivers/BSP/Components -I/home/prem/Downloads/stm32cubewl-v1-6-0/STM32Cube_FW_WL_V1.6.0/Projects/NUCLEO-WL55JC/Applications/SubGHz_Phy/SubGHz_Phy_PingPong_DualCore/Common/Board -I/home/prem/Downloads/stm32cubewl-v1-6-0/STM32Cube_FW_WL_V1.6.0/Utilities/misc -I/home/prem/Downloads/stm32cubewl-v1-6-0/STM32Cube_FW_WL_V1.6.0/Projects/NUCLEO-WL55JC/Applications/SubGHz_Phy/SubGHz_Phy_PingPong_DualCore/CM0PLUS/MbMux -I/home/prem/Downloads/stm32cubewl-v1-6-0/STM32Cube_FW_WL_V1.6.0/Projects/NUCLEO-WL55JC/Applications/SubGHz_Phy/SubGHz_Phy_PingPong_DualCore/Common/MbMux -I/home/prem/Downloads/stm32cubewl-v1-6-0/STM32Cube_FW_WL_V1.6.0/Projects/NUCLEO-WL55JC/Applications/SubGHz_Phy/SubGHz_Phy_PingPong_DualCore/CM0PLUS/Core/Inc -I/home/prem/Downloads/stm32cubewl-v1-6-0/STM32Cube_FW_WL_V1.6.0/Projects/NUCLEO-WL55JC/Applications/SubGHz_Phy/SubGHz_Phy_PingPong_DualCore/CM0PLUS/SubGHz_Phy/Target -I/home/prem/Downloads/stm32cubewl-v1-6-0/STM32Cube_FW_WL_V1.6.0/Utilities/trace/adv_trace -I/home/prem/Downloads/stm32cubewl-v1-6-0/STM32Cube_FW_WL_V1.6.0/Projects/NUCLEO-WL55JC/Applications/SubGHz_Phy/SubGHz_Phy_PingPong_DualCore/Common/System -I/home/prem/Downloads/stm32cubewl-v1-6-0/STM32Cube_FW_WL_V1.6.0/Utilities/timer -c radio_driver/radio.c -o radio_driver/radio.o
radio_driver/radio.c: In function 'RadioSetRxConfig':
radio_driver/radio.c:891:40: warning: unused parameter 'bandwidthAfc' [-Wunused-parameter]
  891 |                               uint32_t bandwidthAfc, uint16_t preambleLen,
      |                               ~~~~~~~~~^~~~~~~~~~~~
radio_driver/radio.c:894:48: warning: unused parameter 'freqHopOn' [-Wunused-parameter]
  894 |                               bool crcOn, bool freqHopOn, uint8_t hopPeriod,
      |                                                ^
radio_driver/radio.c:894:67: warning: unused parameter 'hopPeriod' [-Wunused-parameter]
  894 |                               bool crcOn, bool freqHopOn, uint8_t hopPeriod,
      |                                                           ~~~~~~~~^~~~~~~~~
radio_driver/radio.c: In function 'RadioSetTxConfig':
radio_driver/radio.c:1084:61: warning: unused parameter 'freqHopOn' [-Wunused-parameter]
 1084 |                               bool fixLen, bool crcOn, bool freqHopOn,
      |                                                             ^
radio_driver/radio.c:1085:39: warning: unused parameter 'hopPeriod' [-Wunused-parameter]
 1085 |                               uint8_t hopPeriod, bool iqInverted, uint32_t timeout )
      |                               ~~~~~~~~^~~~~~~~~
radio_driver/radio.c: In function 'RadioCheckRfFrequency':
radio_driver/radio.c:1191:45: warning: unused parameter 'frequency' [-Wunused-parameter]
 1191 | static bool RadioCheckRfFrequency( uint32_t frequency )
      |                                    ~~~~~~~~~^~~~~~~~~
radio_driver/radio.c: In function 'RadioGetGfskTimeOnAirNumerator':
radio_driver/radio.c:1237:58: warning: unused parameter 'datarate' [-Wunused-parameter]
 1237 | static uint32_t RadioGetGfskTimeOnAirNumerator( uint32_t datarate, uint8_t coderate,
      |                                                 ~~~~~~~~~^~~~~~~~
radio_driver/radio.c:1237:76: warning: unused parameter 'coderate' [-Wunused-parameter]
 1237 | static uint32_t RadioGetGfskTimeOnAirNumerator( uint32_t datarate, uint8_t coderate,
      |                                                                    ~~~~~~~~^~~~~~~~
radio_driver/radio.c: In function 'RadioRssi':
radio_driver/radio.c:1634:41: warning: unused parameter 'modem' [-Wunused-parameter]
 1634 | static int16_t RadioRssi( RadioModems_t modem )
      |                           ~~~~~~~~~~~~~~^~~~~
radio_driver/radio.c: In function 'RadioOnTxTimeoutIrq':
radio_driver/radio.c:1700:40: warning: unused parameter 'context' [-Wunused-parameter]
 1700 | static void RadioOnTxTimeoutIrq( void *context )
      |                                  ~~~~~~^~~~~~~
radio_driver/radio.c: In function 'RadioOnRxTimeoutIrq':
radio_driver/radio.c:1705:40: warning: unused parameter 'context' [-Wunused-parameter]
 1705 | static void RadioOnRxTimeoutIrq( void *context )
      |                                  ~~~~~~^~~~~~~
radio_driver/radio.c: In function 'RadioLrFhssSetCfg':
radio_driver/radio.c:2389:76: warning: unused parameter 'cfg_params' [-Wunused-parameter]
 2389 | static radio_status_t RadioLrFhssSetCfg( const radio_lr_fhss_cfg_params_t *cfg_params )
      |                                          ~~~~~~~~~~~~~~~~~~~~~~~~~~~~~~~~~~^~~~~~~~~~
radio_driver/radio.c: In function 'RadioLrFhssGetTimeOnAirInMs':
radio_driver/radio.c:2420:94: warning: unused parameter 'params' [-Wunused-parameter]
 2420 | static radio_status_t RadioLrFhssGetTimeOnAirInMs( const radio_lr_fhss_time_on_air_params_t *params,
      |                                                    ~~~~~~~~~~~~~~~~~~~~~~~~~~~~~~~~~~~~~~~~~~^~~~~~
radio_driver/radio.c:2421:63: warning: unused parameter 'time_on_air_in_ms' [-Wunused-parameter]
 2421 |                                                     uint32_t *time_on_air_in_ms )
      |                                                     ~~~~~~~~~~^~~~~~~~~~~~~~~~~
arm-none-eabi-gcc -mcpu=cortex-m0plus -mthumb -O2 -Wall -Wextra -g -fdata-sections -ffunction-sections -DUSE_HAL_DRIVER -DSTM32WL55xx -DCORE_CM0PLUS -DUSE_BSP_DRIVER -I. -IInc -Iradio_driver -Ihal -Isubghz -Ibsp -Icore -Itarget -I/home/prem/Downloads/stm32cubewl-v1-6-0/STM32Cube_FW_WL_V1.6.0/Drivers/CMSIS/Device/ST/STM32WLxx/Include -I/home/prem/Downloads/stm32cubewl-v1-6-0/STM32Cube_FW_WL_V1.6.0/Drivers/CMSIS/Include -I/home/prem/Downloads/stm32cubewl-v1-6-0/STM32Cube_FW_WL_V1.6.0/Drivers/STM32WLxx_HAL_Driver/Inc -I/home/prem/Downloads/stm32cubewl-v1-6-0/STM32Cube_FW_WL_V1.6.0/Drivers/BSP/STM32WLxx_Nucleo -I/home/prem/Downloads/stm32cubewl-v1-6-0/STM32Cube_FW_WL_V1.6.0/Drivers/BSP/Components -I/home/prem/Downloads/stm32cubewl-v1-6-0/STM32Cube_FW_WL_V1.6.0/Projects/NUCLEO-WL55JC/Applications/SubGHz_Phy/SubGHz_Phy_PingPong_DualCore/Common/Board -I/home/prem/Downloads/stm32cubewl-v1-6-0/STM32Cube_FW_WL_V1.6.0/Utilities/misc -I/home/prem/Downloads/stm32cubewl-v1-6-0/STM32Cube_FW_WL_V1.6.0/Projects/NUCLEO-WL55JC/Applications/SubGHz_Phy/SubGHz_Phy_PingPong_DualCore/CM0PLUS/MbMux -I/home/prem/Downloads/stm32cubewl-v1-6-0/STM32Cube_FW_WL_V1.6.0/Projects/NUCLEO-WL55JC/Applications/SubGHz_Phy/SubGHz_Phy_PingPong_DualCore/Common/MbMux -I/home/prem/Downloads/stm32cubewl-v1-6-0/STM32Cube_FW_WL_V1.6.0/Projects/NUCLEO-WL55JC/Applications/SubGHz_Phy/SubGHz_Phy_PingPong_DualCore/CM0PLUS/Core/Inc -I/home/prem/Downloads/stm32cubewl-v1-6-0/STM32Cube_FW_WL_V1.6.0/Projects/NUCLEO-WL55JC/Applications/SubGHz_Phy/SubGHz_Phy_PingPong_DualCore/CM0PLUS/SubGHz_Phy/Target -I/home/prem/Downloads/stm32cubewl-v1-6-0/STM32Cube_FW_WL_V1.6.0/Utilities/trace/adv_trace -I/home/prem/Downloads/stm32cubewl-v1-6-0/STM32Cube_FW_WL_V1.6.0/Projects/NUCLEO-WL55JC/Applications/SubGHz_Phy/SubGHz_Phy_PingPong_DualCore/Common/System -I/home/prem/Downloads/stm32cubewl-v1-6-0/STM32Cube_FW_WL_V1.6.0/Utilities/timer -c radio_driver/radio_driver.c -o radio_driver/radio_driver.o
radio_driver/radio_driver.c: In function 'HAL_SUBGHZ_RxCpltCallback':
radio_driver/radio_driver.c:1189:54: warning: unused parameter 'hsubghz' [-Wunused-parameter]
 1189 | void HAL_SUBGHZ_RxCpltCallback(SUBGHZ_HandleTypeDef *hsubghz)
      |                                ~~~~~~~~~~~~~~~~~~~~~~^~~~~~~
radio_driver/radio_driver.c: In function 'HAL_SUBGHZ_CRCErrorCallback':
radio_driver/radio_driver.c:1194:57: warning: unused parameter 'hsubghz' [-Wunused-parameter]
 1194 | void HAL_SUBGHZ_CRCErrorCallback (SUBGHZ_HandleTypeDef *hsubghz)
      |                                   ~~~~~~~~~~~~~~~~~~~~~~^~~~~~~
radio_driver/radio_driver.c: In function 'HAL_SUBGHZ_CADStatusCallback':
radio_driver/radio_driver.c:1199:57: warning: unused parameter 'hsubghz' [-Wunused-parameter]
 1199 | void HAL_SUBGHZ_CADStatusCallback(SUBGHZ_HandleTypeDef *hsubghz, HAL_SUBGHZ_CadStatusTypeDef cadstatus)
      |                                   ~~~~~~~~~~~~~~~~~~~~~~^~~~~~~
radio_driver/radio_driver.c: In function 'HAL_SUBGHZ_RxTxTimeoutCallback':
radio_driver/radio_driver.c:1214:59: warning: unused parameter 'hsubghz' [-Wunused-parameter]
 1214 | void HAL_SUBGHZ_RxTxTimeoutCallback(SUBGHZ_HandleTypeDef *hsubghz)
      |                                     ~~~~~~~~~~~~~~~~~~~~~~^~~~~~~
radio_driver/radio_driver.c: In function 'HAL_SUBGHZ_HeaderErrorCallback':
radio_driver/radio_driver.c:1219:59: warning: unused parameter 'hsubghz' [-Wunused-parameter]
 1219 | void HAL_SUBGHZ_HeaderErrorCallback(SUBGHZ_HandleTypeDef *hsubghz)
      |                                     ~~~~~~~~~~~~~~~~~~~~~~^~~~~~~
radio_driver/radio_driver.c: In function 'HAL_SUBGHZ_PreambleDetectedCallback':
radio_driver/radio_driver.c:1224:64: warning: unused parameter 'hsubghz' [-Wunused-parameter]
 1224 | void HAL_SUBGHZ_PreambleDetectedCallback(SUBGHZ_HandleTypeDef *hsubghz)
      |                                          ~~~~~~~~~~~~~~~~~~~~~~^~~~~~~
radio_driver/radio_driver.c: In function 'HAL_SUBGHZ_SyncWordValidCallback':
radio_driver/radio_driver.c:1229:61: warning: unused parameter 'hsubghz' [-Wunused-parameter]
 1229 | void HAL_SUBGHZ_SyncWordValidCallback(SUBGHZ_HandleTypeDef *hsubghz)
      |                                       ~~~~~~~~~~~~~~~~~~~~~~^~~~~~~
radio_driver/radio_driver.c: In function 'HAL_SUBGHZ_HeaderValidCallback':
radio_driver/radio_driver.c:1234:59: warning: unused parameter 'hsubghz' [-Wunused-parameter]
 1234 | void HAL_SUBGHZ_HeaderValidCallback(SUBGHZ_HandleTypeDef *hsubghz)
      |                                     ~~~~~~~~~~~~~~~~~~~~~~^~~~~~~
radio_driver/radio_driver.c: In function 'HAL_SUBGHZ_LrFhssHopCallback':
radio_driver/radio_driver.c:1239:57: warning: unused parameter 'hsubghz' [-Wunused-parameter]
 1239 | void HAL_SUBGHZ_LrFhssHopCallback(SUBGHZ_HandleTypeDef *hsubghz)
      |                                   ~~~~~~~~~~~~~~~~~~~~~~^~~~~~~
arm-none-eabi-gcc -mcpu=cortex-m0plus -mthumb -O2 -Wall -Wextra -g -fdata-sections -ffunction-sections -DUSE_HAL_DRIVER -DSTM32WL55xx -DCORE_CM0PLUS -DUSE_BSP_DRIVER -I. -IInc -Iradio_driver -Ihal -Isubghz -Ibsp -Icore -Itarget -I/home/prem/Downloads/stm32cubewl-v1-6-0/STM32Cube_FW_WL_V1.6.0/Drivers/CMSIS/Device/ST/STM32WLxx/Include -I/home/prem/Downloads/stm32cubewl-v1-6-0/STM32Cube_FW_WL_V1.6.0/Drivers/CMSIS/Include -I/home/prem/Downloads/stm32cubewl-v1-6-0/STM32Cube_FW_WL_V1.6.0/Drivers/STM32WLxx_HAL_Driver/Inc -I/home/prem/Downloads/stm32cubewl-v1-6-0/STM32Cube_FW_WL_V1.6.0/Drivers/BSP/STM32WLxx_Nucleo -I/home/prem/Downloads/stm32cubewl-v1-6-0/STM32Cube_FW_WL_V1.6.0/Drivers/BSP/Components -I/home/prem/Downloads/stm32cubewl-v1-6-0/STM32Cube_FW_WL_V1.6.0/Projects/NUCLEO-WL55JC/Applications/SubGHz_Phy/SubGHz_Phy_PingPong_DualCore/Common/Board -I/home/prem/Downloads/stm32cubewl-v1-6-0/STM32Cube_FW_WL_V1.6.0/Utilities/misc -I/home/prem/Downloads/stm32cubewl-v1-6-0/STM32Cube_FW_WL_V1.6.0/Projects/NUCLEO-WL55JC/Applications/SubGHz_Phy/SubGHz_Phy_PingPong_DualCore/CM0PLUS/MbMux -I/home/prem/Downloads/stm32cubewl-v1-6-0/STM32Cube_FW_WL_V1.6.0/Projects/NUCLEO-WL55JC/Applications/SubGHz_Phy/SubGHz_Phy_PingPong_DualCore/Common/MbMux -I/home/prem/Downloads/stm32cubewl-v1-6-0/STM32Cube_FW_WL_V1.6.0/Projects/NUCLEO-WL55JC/Applications/SubGHz_Phy/SubGHz_Phy_PingPong_DualCore/CM0PLUS/Core/Inc -I/home/prem/Downloads/stm32cubewl-v1-6-0/STM32Cube_FW_WL_V1.6.0/Projects/NUCLEO-WL55JC/Applications/SubGHz_Phy/SubGHz_Phy_PingPong_DualCore/CM0PLUS/SubGHz_Phy/Target -I/home/prem/Downloads/stm32cubewl-v1-6-0/STM32Cube_FW_WL_V1.6.0/Utilities/trace/adv_trace -I/home/prem/Downloads/stm32cubewl-v1-6-0/STM32Cube_FW_WL_V1.6.0/Projects/NUCLEO-WL55JC/Applications/SubGHz_Phy/SubGHz_Phy_PingPong_DualCore/Common/System -I/home/prem/Downloads/stm32cubewl-v1-6-0/STM32Cube_FW_WL_V1.6.0/Utilities/timer -c radio_driver/radio_fw.c -o radio_driver/radio_fw.o
radio_driver/radio_fw.c: In function 'RFW_TransmitLongPacket':
radio_driver/radio_fw.c:257:42: warning: unused parameter 'payload_size' [-Wunused-parameter]
  257 | int32_t RFW_TransmitLongPacket( uint16_t payload_size, uint32_t timeout,
      |                                 ~~~~~~~~~^~~~~~~~~~~~
radio_driver/radio_fw.c:257:65: warning: unused parameter 'timeout' [-Wunused-parameter]
  257 | int32_t RFW_TransmitLongPacket( uint16_t payload_size, uint32_t timeout,
      |                                                        ~~~~~~~~~^~~~~~~
radio_driver/radio_fw.c:258:41: warning: unused parameter 'TxLongPacketGetNextChunkCb' [-Wunused-parameter]
  258 |                                 void ( *TxLongPacketGetNextChunkCb )( uint8_t **buffer, uint8_t buffer_size ) )
      |                                 ~~~~~~~~^~~~~~~~~~~~~~~~~~~~~~~~~~~~~~~~~~~~~~~~~~~~~~~~~~~~~~~~~~~~~~~~~~~~~
radio_driver/radio_fw.c: In function 'RFW_ReceiveLongPacket':
radio_driver/radio_fw.c:422:40: warning: unused parameter 'boosted_mode' [-Wunused-parameter]
  422 | int32_t RFW_ReceiveLongPacket( uint8_t boosted_mode, uint32_t timeout,
      |                                ~~~~~~~~^~~~~~~~~~~~
radio_driver/radio_fw.c:422:63: warning: unused parameter 'timeout' [-Wunused-parameter]
  422 | int32_t RFW_ReceiveLongPacket( uint8_t boosted_mode, uint32_t timeout,
      |                                                      ~~~~~~~~~^~~~~~~
radio_driver/radio_fw.c:423:40: warning: unused parameter 'RxLongPacketStoreChunkCb' [-Wunused-parameter]
  423 |                                void ( *RxLongPacketStoreChunkCb )( uint8_t *buffer, uint8_t chunk_size ) )
      |                                ~~~~~~~~^~~~~~~~~~~~~~~~~~~~~~~~~~~~~~~~~~~~~~~~~~~~~~~~~~~~~~~~~~~~~~~~~
radio_driver/radio_fw.c: In function 'RFW_Init':
radio_driver/radio_fw.c:474:36: warning: unused parameter 'config' [-Wunused-parameter]
  474 | int32_t RFW_Init( ConfigGeneric_t *config, RadioEvents_t *RadioEvents, TimerEvent_t *TimeoutTimerEvent )
      |                   ~~~~~~~~~~~~~~~~~^~~~~~
radio_driver/radio_fw.c:474:59: warning: unused parameter 'RadioEvents' [-Wunused-parameter]
  474 | int32_t RFW_Init( ConfigGeneric_t *config, RadioEvents_t *RadioEvents, TimerEvent_t *TimeoutTimerEvent )
      |                                            ~~~~~~~~~~~~~~~^~~~~~~~~~~
radio_driver/radio_fw.c:474:86: warning: unused parameter 'TimeoutTimerEvent' [-Wunused-parameter]
  474 | int32_t RFW_Init( ConfigGeneric_t *config, RadioEvents_t *RadioEvents, TimerEvent_t *TimeoutTimerEvent )
radio_driver/radio_fw.c: In function 'RFW_SetAntSwitch':
radio_driver/radio_fw.c:577:32: warning: unused parameter 'AntSwitch' [-Wunused-parameter]
  577 | void RFW_SetAntSwitch( uint8_t AntSwitch )
      |                        ~~~~~~~~^~~~~~~~~
radio_driver/radio_fw.c: In function 'RFW_TransmitInit':
radio_driver/radio_fw.c:584:36: warning: unused parameter 'inOutBuffer' [-Wunused-parameter]
  584 | int32_t RFW_TransmitInit( uint8_t *inOutBuffer, uint8_t size, uint8_t *outSize )
      |                           ~~~~~~~~~^~~~~~~~~~~
radio_driver/radio_fw.c:584:57: warning: unused parameter 'size' [-Wunused-parameter]
  584 | int32_t RFW_TransmitInit( uint8_t *inOutBuffer, uint8_t size, uint8_t *outSize )
      |                                                 ~~~~~~~~^~~~
radio_driver/radio_fw.c:584:72: warning: unused parameter 'outSize' [-Wunused-parameter]
  584 | int32_t RFW_TransmitInit( uint8_t *inOutBuffer, uint8_t size, uint8_t *outSize )
      |                                                               ~~~~~~~~~^~~~~~~
radio_driver/radio_fw.c: In function 'RFW_SetRadioModem':
radio_driver/radio_fw.c:724:39: warning: unused parameter 'Modem' [-Wunused-parameter]
  724 | void RFW_SetRadioModem( RadioModems_t Modem )
      |                         ~~~~~~~~~~~~~~^~~~~
arm-none-eabi-gcc -mcpu=cortex-m0plus -mthumb -O2 -Wall -Wextra -g -fdata-sections -ffunction-sections -DUSE_HAL_DRIVER -DSTM32WL55xx -DCORE_CM0PLUS -DUSE_BSP_DRIVER -I. -IInc -Iradio_driver -Ihal -Isubghz -Ibsp -Icore -Itarget -I/home/prem/Downloads/stm32cubewl-v1-6-0/STM32Cube_FW_WL_V1.6.0/Drivers/CMSIS/Device/ST/STM32WLxx/Include -I/home/prem/Downloads/stm32cubewl-v1-6-0/STM32Cube_FW_WL_V1.6.0/Drivers/CMSIS/Include -I/home/prem/Downloads/stm32cubewl-v1-6-0/STM32Cube_FW_WL_V1.6.0/Drivers/STM32WLxx_HAL_Driver/Inc -I/home/prem/Downloads/stm32cubewl-v1-6-0/STM32Cube_FW_WL_V1.6.0/Drivers/BSP/STM32WLxx_Nucleo -I/home/prem/Downloads/stm32cubewl-v1-6-0/STM32Cube_FW_WL_V1.6.0/Drivers/BSP/Components -I/home/prem/Downloads/stm32cubewl-v1-6-0/STM32Cube_FW_WL_V1.6.0/Projects/NUCLEO-WL55JC/Applications/SubGHz_Phy/SubGHz_Phy_PingPong_DualCore/Common/Board -I/home/prem/Downloads/stm32cubewl-v1-6-0/STM32Cube_FW_WL_V1.6.0/Utilities/misc -I/home/prem/Downloads/stm32cubewl-v1-6-0/STM32Cube_FW_WL_V1.6.0/Projects/NUCLEO-WL55JC/Applications/SubGHz_Phy/SubGHz_Phy_PingPong_DualCore/CM0PLUS/MbMux -I/home/prem/Downloads/stm32cubewl-v1-6-0/STM32Cube_FW_WL_V1.6.0/Projects/NUCLEO-WL55JC/Applications/SubGHz_Phy/SubGHz_Phy_PingPong_DualCore/Common/MbMux -I/home/prem/Downloads/stm32cubewl-v1-6-0/STM32Cube_FW_WL_V1.6.0/Projects/NUCLEO-WL55JC/Applications/SubGHz_Phy/SubGHz_Phy_PingPong_DualCore/CM0PLUS/Core/Inc -I/home/prem/Downloads/stm32cubewl-v1-6-0/STM32Cube_FW_WL_V1.6.0/Projects/NUCLEO-WL55JC/Applications/SubGHz_Phy/SubGHz_Phy_PingPong_DualCore/CM0PLUS/SubGHz_Phy/Target -I/home/prem/Downloads/stm32cubewl-v1-6-0/STM32Cube_FW_WL_V1.6.0/Utilities/trace/adv_trace -I/home/prem/Downloads/stm32cubewl-v1-6-0/STM32Cube_FW_WL_V1.6.0/Projects/NUCLEO-WL55JC/Applications/SubGHz_Phy/SubGHz_Phy_PingPong_DualCore/Common/System -I/home/prem/Downloads/stm32cubewl-v1-6-0/STM32Cube_FW_WL_V1.6.0/Utilities/timer -c radio_driver/stm32_timer.c -o radio_driver/stm32_timer.o
arm-none-eabi-gcc -mcpu=cortex-m0plus -mthumb -O2 -Wall -Wextra -g -fdata-sections -ffunction-sections -DUSE_HAL_DRIVER -DSTM32WL55xx -DCORE_CM0PLUS -DUSE_BSP_DRIVER -I. -IInc -Iradio_driver -Ihal -Isubghz -Ibsp -Icore -Itarget -I/home/prem/Downloads/stm32cubewl-v1-6-0/STM32Cube_FW_WL_V1.6.0/Drivers/CMSIS/Device/ST/STM32WLxx/Include -I/home/prem/Downloads/stm32cubewl-v1-6-0/STM32Cube_FW_WL_V1.6.0/Drivers/CMSIS/Include -I/home/prem/Downloads/stm32cubewl-v1-6-0/STM32Cube_FW_WL_V1.6.0/Drivers/STM32WLxx_HAL_Driver/Inc -I/home/prem/Downloads/stm32cubewl-v1-6-0/STM32Cube_FW_WL_V1.6.0/Drivers/BSP/STM32WLxx_Nucleo -I/home/prem/Downloads/stm32cubewl-v1-6-0/STM32Cube_FW_WL_V1.6.0/Drivers/BSP/Components -I/home/prem/Downloads/stm32cubewl-v1-6-0/STM32Cube_FW_WL_V1.6.0/Projects/NUCLEO-WL55JC/Applications/SubGHz_Phy/SubGHz_Phy_PingPong_DualCore/Common/Board -I/home/prem/Downloads/stm32cubewl-v1-6-0/STM32Cube_FW_WL_V1.6.0/Utilities/misc -I/home/prem/Downloads/stm32cubewl-v1-6-0/STM32Cube_FW_WL_V1.6.0/Projects/NUCLEO-WL55JC/Applications/SubGHz_Phy/SubGHz_Phy_PingPong_DualCore/CM0PLUS/MbMux -I/home/prem/Downloads/stm32cubewl-v1-6-0/STM32Cube_FW_WL_V1.6.0/Projects/NUCLEO-WL55JC/Applications/SubGHz_Phy/SubGHz_Phy_PingPong_DualCore/Common/MbMux -I/home/prem/Downloads/stm32cubewl-v1-6-0/STM32Cube_FW_WL_V1.6.0/Projects/NUCLEO-WL55JC/Applications/SubGHz_Phy/SubGHz_Phy_PingPong_DualCore/CM0PLUS/Core/Inc -I/home/prem/Downloads/stm32cubewl-v1-6-0/STM32Cube_FW_WL_V1.6.0/Projects/NUCLEO-WL55JC/Applications/SubGHz_Phy/SubGHz_Phy_PingPong_DualCore/CM0PLUS/SubGHz_Phy/Target -I/home/prem/Downloads/stm32cubewl-v1-6-0/STM32Cube_FW_WL_V1.6.0/Utilities/trace/adv_trace -I/home/prem/Downloads/stm32cubewl-v1-6-0/STM32Cube_FW_WL_V1.6.0/Projects/NUCLEO-WL55JC/Applications/SubGHz_Phy/SubGHz_Phy_PingPong_DualCore/Common/System -I/home/prem/Downloads/stm32cubewl-v1-6-0/STM32Cube_FW_WL_V1.6.0/Utilities/timer -c radio_driver/sys_app.c -o radio_driver/sys_app.o
radio_driver/sys_app.c: In function 'UTIL_SEQ_EvtIdle':
radio_driver/sys_app.c:175:52: warning: unused parameter 'EvtWaited_bm' [-Wunused-parameter]
  175 | void UTIL_SEQ_EvtIdle(uint32_t TaskId_bm, uint32_t EvtWaited_bm)
      |                                           ~~~~~~~~~^~~~~~~~~~~~
radio_driver/sys_app.c: In function 'HAL_InitTick':
radio_driver/sys_app.c:282:41: warning: unused parameter 'TickPriority' [-Wunused-parameter]
  282 | HAL_StatusTypeDef HAL_InitTick(uint32_t TickPriority)
      |                                ~~~~~~~~~^~~~~~~~~~~~
arm-none-eabi-gcc -mcpu=cortex-m0plus -mthumb -O2 -Wall -Wextra -g -fdata-sections -ffunction-sections -DUSE_HAL_DRIVER -DSTM32WL55xx -DCORE_CM0PLUS -DUSE_BSP_DRIVER -I. -IInc -Iradio_driver -Ihal -Isubghz -Ibsp -Icore -Itarget -I/home/prem/Downloads/stm32cubewl-v1-6-0/STM32Cube_FW_WL_V1.6.0/Drivers/CMSIS/Device/ST/STM32WLxx/Include -I/home/prem/Downloads/stm32cubewl-v1-6-0/STM32Cube_FW_WL_V1.6.0/Drivers/CMSIS/Include -I/home/prem/Downloads/stm32cubewl-v1-6-0/STM32Cube_FW_WL_V1.6.0/Drivers/STM32WLxx_HAL_Driver/Inc -I/home/prem/Downloads/stm32cubewl-v1-6-0/STM32Cube_FW_WL_V1.6.0/Drivers/BSP/STM32WLxx_Nucleo -I/home/prem/Downloads/stm32cubewl-v1-6-0/STM32Cube_FW_WL_V1.6.0/Drivers/BSP/Components -I/home/prem/Downloads/stm32cubewl-v1-6-0/STM32Cube_FW_WL_V1.6.0/Projects/NUCLEO-WL55JC/Applications/SubGHz_Phy/SubGHz_Phy_PingPong_DualCore/Common/Board -I/home/prem/Downloads/stm32cubewl-v1-6-0/STM32Cube_FW_WL_V1.6.0/Utilities/misc -I/home/prem/Downloads/stm32cubewl-v1-6-0/STM32Cube_FW_WL_V1.6.0/Projects/NUCLEO-WL55JC/Applications/SubGHz_Phy/SubGHz_Phy_PingPong_DualCore/CM0PLUS/MbMux -I/home/prem/Downloads/stm32cubewl-v1-6-0/STM32Cube_FW_WL_V1.6.0/Projects/NUCLEO-WL55JC/Applications/SubGHz_Phy/SubGHz_Phy_PingPong_DualCore/Common/MbMux -I/home/prem/Downloads/stm32cubewl-v1-6-0/STM32Cube_FW_WL_V1.6.0/Projects/NUCLEO-WL55JC/Applications/SubGHz_Phy/SubGHz_Phy_PingPong_DualCore/CM0PLUS/Core/Inc -I/home/prem/Downloads/stm32cubewl-v1-6-0/STM32Cube_FW_WL_V1.6.0/Projects/NUCLEO-WL55JC/Applications/SubGHz_Phy/SubGHz_Phy_PingPong_DualCore/CM0PLUS/SubGHz_Phy/Target -I/home/prem/Downloads/stm32cubewl-v1-6-0/STM32Cube_FW_WL_V1.6.0/Utilities/trace/adv_trace -I/home/prem/Downloads/stm32cubewl-v1-6-0/STM32Cube_FW_WL_V1.6.0/Projects/NUCLEO-WL55JC/Applications/SubGHz_Phy/SubGHz_Phy_PingPong_DualCore/Common/System -I/home/prem/Downloads/stm32cubewl-v1-6-0/STM32Cube_FW_WL_V1.6.0/Utilities/timer -c target/radio_board_if.c -o target/radio_board_if.o
arm-none-eabi-gcc -mcpu=cortex-m0plus -mthumb -O2 -Wall -Wextra -g -fdata-sections -ffunction-sections -DUSE_HAL_DRIVER -DSTM32WL55xx -DCORE_CM0PLUS -DUSE_BSP_DRIVER -I. -IInc -Iradio_driver -Ihal -Isubghz -Ibsp -Icore -Itarget -I/home/prem/Downloads/stm32cubewl-v1-6-0/STM32Cube_FW_WL_V1.6.0/Drivers/CMSIS/Device/ST/STM32WLxx/Include -I/home/prem/Downloads/stm32cubewl-v1-6-0/STM32Cube_FW_WL_V1.6.0/Drivers/CMSIS/Include -I/home/prem/Downloads/stm32cubewl-v1-6-0/STM32Cube_FW_WL_V1.6.0/Drivers/STM32WLxx_HAL_Driver/Inc -I/home/prem/Downloads/stm32cubewl-v1-6-0/STM32Cube_FW_WL_V1.6.0/Drivers/BSP/STM32WLxx_Nucleo -I/home/prem/Downloads/stm32cubewl-v1-6-0/STM32Cube_FW_WL_V1.6.0/Drivers/BSP/Components -I/home/prem/Downloads/stm32cubewl-v1-6-0/STM32Cube_FW_WL_V1.6.0/Projects/NUCLEO-WL55JC/Applications/SubGHz_Phy/SubGHz_Phy_PingPong_DualCore/Common/Board -I/home/prem/Downloads/stm32cubewl-v1-6-0/STM32Cube_FW_WL_V1.6.0/Utilities/misc -I/home/prem/Downloads/stm32cubewl-v1-6-0/STM32Cube_FW_WL_V1.6.0/Projects/NUCLEO-WL55JC/Applications/SubGHz_Phy/SubGHz_Phy_PingPong_DualCore/CM0PLUS/MbMux -I/home/prem/Downloads/stm32cubewl-v1-6-0/STM32Cube_FW_WL_V1.6.0/Projects/NUCLEO-WL55JC/Applications/SubGHz_Phy/SubGHz_Phy_PingPong_DualCore/Common/MbMux -I/home/prem/Downloads/stm32cubewl-v1-6-0/STM32Cube_FW_WL_V1.6.0/Projects/NUCLEO-WL55JC/Applications/SubGHz_Phy/SubGHz_Phy_PingPong_DualCore/CM0PLUS/Core/Inc -I/home/prem/Downloads/stm32cubewl-v1-6-0/STM32Cube_FW_WL_V1.6.0/Projects/NUCLEO-WL55JC/Applications/SubGHz_Phy/SubGHz_Phy_PingPong_DualCore/CM0PLUS/SubGHz_Phy/Target -I/home/prem/Downloads/stm32cubewl-v1-6-0/STM32Cube_FW_WL_V1.6.0/Utilities/trace/adv_trace -I/home/prem/Downloads/stm32cubewl-v1-6-0/STM32Cube_FW_WL_V1.6.0/Projects/NUCLEO-WL55JC/Applications/SubGHz_Phy/SubGHz_Phy_PingPong_DualCore/Common/System -I/home/prem/Downloads/stm32cubewl-v1-6-0/STM32Cube_FW_WL_V1.6.0/Utilities/timer -c subghz/subghz.c -o subghz/subghz.o
subghz/subghz.c: In function 'HAL_SUBGHZ_MspInit':
subghz/subghz.c:51:47: warning: unused parameter 'subghzHandle' [-Wunused-parameter]
   51 | void HAL_SUBGHZ_MspInit(SUBGHZ_HandleTypeDef* subghzHandle)
      |                         ~~~~~~~~~~~~~~~~~~~~~~^~~~~~~~~~~~
subghz/subghz.c: In function 'HAL_SUBGHZ_MspDeInit':
subghz/subghz.c:68:49: warning: unused parameter 'subghzHandle' [-Wunused-parameter]
   68 | void HAL_SUBGHZ_MspDeInit(SUBGHZ_HandleTypeDef* subghzHandle)
      |                           ~~~~~~~~~~~~~~~~~~~~~~^~~~~~~~~~~~
arm-none-eabi-gcc -mcpu=cortex-m0plus -mthumb -O2 -Wall -Wextra -g -fdata-sections -ffunction-sections -DUSE_HAL_DRIVER -DSTM32WL55xx -DCORE_CM0PLUS -DUSE_BSP_DRIVER -I. -IInc -Iradio_driver -Ihal -Isubghz -Ibsp -Icore -Itarget -I/home/prem/Downloads/stm32cubewl-v1-6-0/STM32Cube_FW_WL_V1.6.0/Drivers/CMSIS/Device/ST/STM32WLxx/Include -I/home/prem/Downloads/stm32cubewl-v1-6-0/STM32Cube_FW_WL_V1.6.0/Drivers/CMSIS/Include -I/home/prem/Downloads/stm32cubewl-v1-6-0/STM32Cube_FW_WL_V1.6.0/Drivers/STM32WLxx_HAL_Driver/Inc -I/home/prem/Downloads/stm32cubewl-v1-6-0/STM32Cube_FW_WL_V1.6.0/Drivers/BSP/STM32WLxx_Nucleo -I/home/prem/Downloads/stm32cubewl-v1-6-0/STM32Cube_FW_WL_V1.6.0/Drivers/BSP/Components -I/home/prem/Downloads/stm32cubewl-v1-6-0/STM32Cube_FW_WL_V1.6.0/Projects/NUCLEO-WL55JC/Applications/SubGHz_Phy/SubGHz_Phy_PingPong_DualCore/Common/Board -I/home/prem/Downloads/stm32cubewl-v1-6-0/STM32Cube_FW_WL_V1.6.0/Utilities/misc -I/home/prem/Downloads/stm32cubewl-v1-6-0/STM32Cube_FW_WL_V1.6.0/Projects/NUCLEO-WL55JC/Applications/SubGHz_Phy/SubGHz_Phy_PingPong_DualCore/CM0PLUS/MbMux -I/home/prem/Downloads/stm32cubewl-v1-6-0/STM32Cube_FW_WL_V1.6.0/Projects/NUCLEO-WL55JC/Applications/SubGHz_Phy/SubGHz_Phy_PingPong_DualCore/Common/MbMux -I/home/prem/Downloads/stm32cubewl-v1-6-0/STM32Cube_FW_WL_V1.6.0/Projects/NUCLEO-WL55JC/Applications/SubGHz_Phy/SubGHz_Phy_PingPong_DualCore/CM0PLUS/Core/Inc -I/home/prem/Downloads/stm32cubewl-v1-6-0/STM32Cube_FW_WL_V1.6.0/Projects/NUCLEO-WL55JC/Applications/SubGHz_Phy/SubGHz_Phy_PingPong_DualCore/CM0PLUS/SubGHz_Phy/Target -I/home/prem/Downloads/stm32cubewl-v1-6-0/STM32Cube_FW_WL_V1.6.0/Utilities/trace/adv_trace -I/home/prem/Downloads/stm32cubewl-v1-6-0/STM32Cube_FW_WL_V1.6.0/Projects/NUCLEO-WL55JC/Applications/SubGHz_Phy/SubGHz_Phy_PingPong_DualCore/Common/System -I/home/prem/Downloads/stm32cubewl-v1-6-0/STM32Cube_FW_WL_V1.6.0/Utilities/timer -c hal/stm32wlxx_hal.c -o hal/stm32wlxx_hal.o
arm-none-eabi-gcc -mcpu=cortex-m0plus -mthumb -O2 -Wall -Wextra -g -fdata-sections -ffunction-sections -DUSE_HAL_DRIVER -DSTM32WL55xx -DCORE_CM0PLUS -DUSE_BSP_DRIVER -I. -IInc -Iradio_driver -Ihal -Isubghz -Ibsp -Icore -Itarget -I/home/prem/Downloads/stm32cubewl-v1-6-0/STM32Cube_FW_WL_V1.6.0/Drivers/CMSIS/Device/ST/STM32WLxx/Include -I/home/prem/Downloads/stm32cubewl-v1-6-0/STM32Cube_FW_WL_V1.6.0/Drivers/CMSIS/Include -I/home/prem/Downloads/stm32cubewl-v1-6-0/STM32Cube_FW_WL_V1.6.0/Drivers/STM32WLxx_HAL_Driver/Inc -I/home/prem/Downloads/stm32cubewl-v1-6-0/STM32Cube_FW_WL_V1.6.0/Drivers/BSP/STM32WLxx_Nucleo -I/home/prem/Downloads/stm32cubewl-v1-6-0/STM32Cube_FW_WL_V1.6.0/Drivers/BSP/Components -I/home/prem/Downloads/stm32cubewl-v1-6-0/STM32Cube_FW_WL_V1.6.0/Projects/NUCLEO-WL55JC/Applications/SubGHz_Phy/SubGHz_Phy_PingPong_DualCore/Common/Board -I/home/prem/Downloads/stm32cubewl-v1-6-0/STM32Cube_FW_WL_V1.6.0/Utilities/misc -I/home/prem/Downloads/stm32cubewl-v1-6-0/STM32Cube_FW_WL_V1.6.0/Projects/NUCLEO-WL55JC/Applications/SubGHz_Phy/SubGHz_Phy_PingPong_DualCore/CM0PLUS/MbMux -I/home/prem/Downloads/stm32cubewl-v1-6-0/STM32Cube_FW_WL_V1.6.0/Projects/NUCLEO-WL55JC/Applications/SubGHz_Phy/SubGHz_Phy_PingPong_DualCore/Common/MbMux -I/home/prem/Downloads/stm32cubewl-v1-6-0/STM32Cube_FW_WL_V1.6.0/Projects/NUCLEO-WL55JC/Applications/SubGHz_Phy/SubGHz_Phy_PingPong_DualCore/CM0PLUS/Core/Inc -I/home/prem/Downloads/stm32cubewl-v1-6-0/STM32Cube_FW_WL_V1.6.0/Projects/NUCLEO-WL55JC/Applications/SubGHz_Phy/SubGHz_Phy_PingPong_DualCore/CM0PLUS/SubGHz_Phy/Target -I/home/prem/Downloads/stm32cubewl-v1-6-0/STM32Cube_FW_WL_V1.6.0/Utilities/trace/adv_trace -I/home/prem/Downloads/stm32cubewl-v1-6-0/STM32Cube_FW_WL_V1.6.0/Projects/NUCLEO-WL55JC/Applications/SubGHz_Phy/SubGHz_Phy_PingPong_DualCore/Common/System -I/home/prem/Downloads/stm32cubewl-v1-6-0/STM32Cube_FW_WL_V1.6.0/Utilities/timer -c hal/stm32wlxx_hal_subghz.c -o hal/stm32wlxx_hal_subghz.o
arm-none-eabi-gcc -mcpu=cortex-m0plus -mthumb -O2 -Wall -Wextra -g -fdata-sections -ffunction-sections -DUSE_HAL_DRIVER -DSTM32WL55xx -DCORE_CM0PLUS -DUSE_BSP_DRIVER -I. -IInc -Iradio_driver -Ihal -Isubghz -Ibsp -Icore -Itarget -I/home/prem/Downloads/stm32cubewl-v1-6-0/STM32Cube_FW_WL_V1.6.0/Drivers/CMSIS/Device/ST/STM32WLxx/Include -I/home/prem/Downloads/stm32cubewl-v1-6-0/STM32Cube_FW_WL_V1.6.0/Drivers/CMSIS/Include -I/home/prem/Downloads/stm32cubewl-v1-6-0/STM32Cube_FW_WL_V1.6.0/Drivers/STM32WLxx_HAL_Driver/Inc -I/home/prem/Downloads/stm32cubewl-v1-6-0/STM32Cube_FW_WL_V1.6.0/Drivers/BSP/STM32WLxx_Nucleo -I/home/prem/Downloads/stm32cubewl-v1-6-0/STM32Cube_FW_WL_V1.6.0/Drivers/BSP/Components -I/home/prem/Downloads/stm32cubewl-v1-6-0/STM32Cube_FW_WL_V1.6.0/Projects/NUCLEO-WL55JC/Applications/SubGHz_Phy/SubGHz_Phy_PingPong_DualCore/Common/Board -I/home/prem/Downloads/stm32cubewl-v1-6-0/STM32Cube_FW_WL_V1.6.0/Utilities/misc -I/home/prem/Downloads/stm32cubewl-v1-6-0/STM32Cube_FW_WL_V1.6.0/Projects/NUCLEO-WL55JC/Applications/SubGHz_Phy/SubGHz_Phy_PingPong_DualCore/CM0PLUS/MbMux -I/home/prem/Downloads/stm32cubewl-v1-6-0/STM32Cube_FW_WL_V1.6.0/Projects/NUCLEO-WL55JC/Applications/SubGHz_Phy/SubGHz_Phy_PingPong_DualCore/Common/MbMux -I/home/prem/Downloads/stm32cubewl-v1-6-0/STM32Cube_FW_WL_V1.6.0/Projects/NUCLEO-WL55JC/Applications/SubGHz_Phy/SubGHz_Phy_PingPong_DualCore/CM0PLUS/Core/Inc -I/home/prem/Downloads/stm32cubewl-v1-6-0/STM32Cube_FW_WL_V1.6.0/Projects/NUCLEO-WL55JC/Applications/SubGHz_Phy/SubGHz_Phy_PingPong_DualCore/CM0PLUS/SubGHz_Phy/Target -I/home/prem/Downloads/stm32cubewl-v1-6-0/STM32Cube_FW_WL_V1.6.0/Utilities/trace/adv_trace -I/home/prem/Downloads/stm32cubewl-v1-6-0/STM32Cube_FW_WL_V1.6.0/Projects/NUCLEO-WL55JC/Applications/SubGHz_Phy/SubGHz_Phy_PingPong_DualCore/Common/System -I/home/prem/Downloads/stm32cubewl-v1-6-0/STM32Cube_FW_WL_V1.6.0/Utilities/timer -c hal/stm32wlxx_hal_rtc.c -o hal/stm32wlxx_hal_rtc.o
arm-none-eabi-gcc -mcpu=cortex-m0plus -mthumb -O2 -Wall -Wextra -g -fdata-sections -ffunction-sections -DUSE_HAL_DRIVER -DSTM32WL55xx -DCORE_CM0PLUS -DUSE_BSP_DRIVER -I. -IInc -Iradio_driver -Ihal -Isubghz -Ibsp -Icore -Itarget -I/home/prem/Downloads/stm32cubewl-v1-6-0/STM32Cube_FW_WL_V1.6.0/Drivers/CMSIS/Device/ST/STM32WLxx/Include -I/home/prem/Downloads/stm32cubewl-v1-6-0/STM32Cube_FW_WL_V1.6.0/Drivers/CMSIS/Include -I/home/prem/Downloads/stm32cubewl-v1-6-0/STM32Cube_FW_WL_V1.6.0/Drivers/STM32WLxx_HAL_Driver/Inc -I/home/prem/Downloads/stm32cubewl-v1-6-0/STM32Cube_FW_WL_V1.6.0/Drivers/BSP/STM32WLxx_Nucleo -I/home/prem/Downloads/stm32cubewl-v1-6-0/STM32Cube_FW_WL_V1.6.0/Drivers/BSP/Components -I/home/prem/Downloads/stm32cubewl-v1-6-0/STM32Cube_FW_WL_V1.6.0/Projects/NUCLEO-WL55JC/Applications/SubGHz_Phy/SubGHz_Phy_PingPong_DualCore/Common/Board -I/home/prem/Downloads/stm32cubewl-v1-6-0/STM32Cube_FW_WL_V1.6.0/Utilities/misc -I/home/prem/Downloads/stm32cubewl-v1-6-0/STM32Cube_FW_WL_V1.6.0/Projects/NUCLEO-WL55JC/Applications/SubGHz_Phy/SubGHz_Phy_PingPong_DualCore/CM0PLUS/MbMux -I/home/prem/Downloads/stm32cubewl-v1-6-0/STM32Cube_FW_WL_V1.6.0/Projects/NUCLEO-WL55JC/Applications/SubGHz_Phy/SubGHz_Phy_PingPong_DualCore/Common/MbMux -I/home/prem/Downloads/stm32cubewl-v1-6-0/STM32Cube_FW_WL_V1.6.0/Projects/NUCLEO-WL55JC/Applications/SubGHz_Phy/SubGHz_Phy_PingPong_DualCore/CM0PLUS/Core/Inc -I/home/prem/Downloads/stm32cubewl-v1-6-0/STM32Cube_FW_WL_V1.6.0/Projects/NUCLEO-WL55JC/Applications/SubGHz_Phy/SubGHz_Phy_PingPong_DualCore/CM0PLUS/SubGHz_Phy/Target -I/home/prem/Downloads/stm32cubewl-v1-6-0/STM32Cube_FW_WL_V1.6.0/Utilities/trace/adv_trace -I/home/prem/Downloads/stm32cubewl-v1-6-0/STM32Cube_FW_WL_V1.6.0/Projects/NUCLEO-WL55JC/Applications/SubGHz_Phy/SubGHz_Phy_PingPong_DualCore/Common/System -I/home/prem/Downloads/stm32cubewl-v1-6-0/STM32Cube_FW_WL_V1.6.0/Utilities/timer -c hal/stm32wlxx_hal_rtc_ex.c -o hal/stm32wlxx_hal_rtc_ex.o
arm-none-eabi-gcc -mcpu=cortex-m0plus -mthumb -O2 -Wall -Wextra -g -fdata-sections -ffunction-sections -DUSE_HAL_DRIVER -DSTM32WL55xx -DCORE_CM0PLUS -DUSE_BSP_DRIVER -I. -IInc -Iradio_driver -Ihal -Isubghz -Ibsp -Icore -Itarget -I/home/prem/Downloads/stm32cubewl-v1-6-0/STM32Cube_FW_WL_V1.6.0/Drivers/CMSIS/Device/ST/STM32WLxx/Include -I/home/prem/Downloads/stm32cubewl-v1-6-0/STM32Cube_FW_WL_V1.6.0/Drivers/CMSIS/Include -I/home/prem/Downloads/stm32cubewl-v1-6-0/STM32Cube_FW_WL_V1.6.0/Drivers/STM32WLxx_HAL_Driver/Inc -I/home/prem/Downloads/stm32cubewl-v1-6-0/STM32Cube_FW_WL_V1.6.0/Drivers/BSP/STM32WLxx_Nucleo -I/home/prem/Downloads/stm32cubewl-v1-6-0/STM32Cube_FW_WL_V1.6.0/Drivers/BSP/Components -I/home/prem/Downloads/stm32cubewl-v1-6-0/STM32Cube_FW_WL_V1.6.0/Projects/NUCLEO-WL55JC/Applications/SubGHz_Phy/SubGHz_Phy_PingPong_DualCore/Common/Board -I/home/prem/Downloads/stm32cubewl-v1-6-0/STM32Cube_FW_WL_V1.6.0/Utilities/misc -I/home/prem/Downloads/stm32cubewl-v1-6-0/STM32Cube_FW_WL_V1.6.0/Projects/NUCLEO-WL55JC/Applications/SubGHz_Phy/SubGHz_Phy_PingPong_DualCore/CM0PLUS/MbMux -I/home/prem/Downloads/stm32cubewl-v1-6-0/STM32Cube_FW_WL_V1.6.0/Projects/NUCLEO-WL55JC/Applications/SubGHz_Phy/SubGHz_Phy_PingPong_DualCore/Common/MbMux -I/home/prem/Downloads/stm32cubewl-v1-6-0/STM32Cube_FW_WL_V1.6.0/Projects/NUCLEO-WL55JC/Applications/SubGHz_Phy/SubGHz_Phy_PingPong_DualCore/CM0PLUS/Core/Inc -I/home/prem/Downloads/stm32cubewl-v1-6-0/STM32Cube_FW_WL_V1.6.0/Projects/NUCLEO-WL55JC/Applications/SubGHz_Phy/SubGHz_Phy_PingPong_DualCore/CM0PLUS/SubGHz_Phy/Target -I/home/prem/Downloads/stm32cubewl-v1-6-0/STM32Cube_FW_WL_V1.6.0/Utilities/trace/adv_trace -I/home/prem/Downloads/stm32cubewl-v1-6-0/STM32Cube_FW_WL_V1.6.0/Projects/NUCLEO-WL55JC/Applications/SubGHz_Phy/SubGHz_Phy_PingPong_DualCore/Common/System -I/home/prem/Downloads/stm32cubewl-v1-6-0/STM32Cube_FW_WL_V1.6.0/Utilities/timer -c hal/stm32wlxx_hal_rcc.c -o hal/stm32wlxx_hal_rcc.o
arm-none-eabi-gcc -mcpu=cortex-m0plus -mthumb -O2 -Wall -Wextra -g -fdata-sections -ffunction-sections -DUSE_HAL_DRIVER -DSTM32WL55xx -DCORE_CM0PLUS -DUSE_BSP_DRIVER -I. -IInc -Iradio_driver -Ihal -Isubghz -Ibsp -Icore -Itarget -I/home/prem/Downloads/stm32cubewl-v1-6-0/STM32Cube_FW_WL_V1.6.0/Drivers/CMSIS/Device/ST/STM32WLxx/Include -I/home/prem/Downloads/stm32cubewl-v1-6-0/STM32Cube_FW_WL_V1.6.0/Drivers/CMSIS/Include -I/home/prem/Downloads/stm32cubewl-v1-6-0/STM32Cube_FW_WL_V1.6.0/Drivers/STM32WLxx_HAL_Driver/Inc -I/home/prem/Downloads/stm32cubewl-v1-6-0/STM32Cube_FW_WL_V1.6.0/Drivers/BSP/STM32WLxx_Nucleo -I/home/prem/Downloads/stm32cubewl-v1-6-0/STM32Cube_FW_WL_V1.6.0/Drivers/BSP/Components -I/home/prem/Downloads/stm32cubewl-v1-6-0/STM32Cube_FW_WL_V1.6.0/Projects/NUCLEO-WL55JC/Applications/SubGHz_Phy/SubGHz_Phy_PingPong_DualCore/Common/Board -I/home/prem/Downloads/stm32cubewl-v1-6-0/STM32Cube_FW_WL_V1.6.0/Utilities/misc -I/home/prem/Downloads/stm32cubewl-v1-6-0/STM32Cube_FW_WL_V1.6.0/Projects/NUCLEO-WL55JC/Applications/SubGHz_Phy/SubGHz_Phy_PingPong_DualCore/CM0PLUS/MbMux -I/home/prem/Downloads/stm32cubewl-v1-6-0/STM32Cube_FW_WL_V1.6.0/Projects/NUCLEO-WL55JC/Applications/SubGHz_Phy/SubGHz_Phy_PingPong_DualCore/Common/MbMux -I/home/prem/Downloads/stm32cubewl-v1-6-0/STM32Cube_FW_WL_V1.6.0/Projects/NUCLEO-WL55JC/Applications/SubGHz_Phy/SubGHz_Phy_PingPong_DualCore/CM0PLUS/Core/Inc -I/home/prem/Downloads/stm32cubewl-v1-6-0/STM32Cube_FW_WL_V1.6.0/Projects/NUCLEO-WL55JC/Applications/SubGHz_Phy/SubGHz_Phy_PingPong_DualCore/CM0PLUS/SubGHz_Phy/Target -I/home/prem/Downloads/stm32cubewl-v1-6-0/STM32Cube_FW_WL_V1.6.0/Utilities/trace/adv_trace -I/home/prem/Downloads/stm32cubewl-v1-6-0/STM32Cube_FW_WL_V1.6.0/Projects/NUCLEO-WL55JC/Applications/SubGHz_Phy/SubGHz_Phy_PingPong_DualCore/Common/System -I/home/prem/Downloads/stm32cubewl-v1-6-0/STM32Cube_FW_WL_V1.6.0/Utilities/timer -c hal/stm32wlxx_hal_rcc_ex.c -o hal/stm32wlxx_hal_rcc_ex.o
arm-none-eabi-gcc -mcpu=cortex-m0plus -mthumb -O2 -Wall -Wextra -g -fdata-sections -ffunction-sections -DUSE_HAL_DRIVER -DSTM32WL55xx -DCORE_CM0PLUS -DUSE_BSP_DRIVER -I. -IInc -Iradio_driver -Ihal -Isubghz -Ibsp -Icore -Itarget -I/home/prem/Downloads/stm32cubewl-v1-6-0/STM32Cube_FW_WL_V1.6.0/Drivers/CMSIS/Device/ST/STM32WLxx/Include -I/home/prem/Downloads/stm32cubewl-v1-6-0/STM32Cube_FW_WL_V1.6.0/Drivers/CMSIS/Include -I/home/prem/Downloads/stm32cubewl-v1-6-0/STM32Cube_FW_WL_V1.6.0/Drivers/STM32WLxx_HAL_Driver/Inc -I/home/prem/Downloads/stm32cubewl-v1-6-0/STM32Cube_FW_WL_V1.6.0/Drivers/BSP/STM32WLxx_Nucleo -I/home/prem/Downloads/stm32cubewl-v1-6-0/STM32Cube_FW_WL_V1.6.0/Drivers/BSP/Components -I/home/prem/Downloads/stm32cubewl-v1-6-0/STM32Cube_FW_WL_V1.6.0/Projects/NUCLEO-WL55JC/Applications/SubGHz_Phy/SubGHz_Phy_PingPong_DualCore/Common/Board -I/home/prem/Downloads/stm32cubewl-v1-6-0/STM32Cube_FW_WL_V1.6.0/Utilities/misc -I/home/prem/Downloads/stm32cubewl-v1-6-0/STM32Cube_FW_WL_V1.6.0/Projects/NUCLEO-WL55JC/Applications/SubGHz_Phy/SubGHz_Phy_PingPong_DualCore/CM0PLUS/MbMux -I/home/prem/Downloads/stm32cubewl-v1-6-0/STM32Cube_FW_WL_V1.6.0/Projects/NUCLEO-WL55JC/Applications/SubGHz_Phy/SubGHz_Phy_PingPong_DualCore/Common/MbMux -I/home/prem/Downloads/stm32cubewl-v1-6-0/STM32Cube_FW_WL_V1.6.0/Projects/NUCLEO-WL55JC/Applications/SubGHz_Phy/SubGHz_Phy_PingPong_DualCore/CM0PLUS/Core/Inc -I/home/prem/Downloads/stm32cubewl-v1-6-0/STM32Cube_FW_WL_V1.6.0/Projects/NUCLEO-WL55JC/Applications/SubGHz_Phy/SubGHz_Phy_PingPong_DualCore/CM0PLUS/SubGHz_Phy/Target -I/home/prem/Downloads/stm32cubewl-v1-6-0/STM32Cube_FW_WL_V1.6.0/Utilities/trace/adv_trace -I/home/prem/Downloads/stm32cubewl-v1-6-0/STM32Cube_FW_WL_V1.6.0/Projects/NUCLEO-WL55JC/Applications/SubGHz_Phy/SubGHz_Phy_PingPong_DualCore/Common/System -I/home/prem/Downloads/stm32cubewl-v1-6-0/STM32Cube_FW_WL_V1.6.0/Utilities/timer -c hal/stm32wlxx_hal_gpio.c -o hal/stm32wlxx_hal_gpio.o
arm-none-eabi-gcc -mcpu=cortex-m0plus -mthumb -O2 -Wall -Wextra -g -fdata-sections -ffunction-sections -DUSE_HAL_DRIVER -DSTM32WL55xx -DCORE_CM0PLUS -DUSE_BSP_DRIVER -I. -IInc -Iradio_driver -Ihal -Isubghz -Ibsp -Icore -Itarget -I/home/prem/Downloads/stm32cubewl-v1-6-0/STM32Cube_FW_WL_V1.6.0/Drivers/CMSIS/Device/ST/STM32WLxx/Include -I/home/prem/Downloads/stm32cubewl-v1-6-0/STM32Cube_FW_WL_V1.6.0/Drivers/CMSIS/Include -I/home/prem/Downloads/stm32cubewl-v1-6-0/STM32Cube_FW_WL_V1.6.0/Drivers/STM32WLxx_HAL_Driver/Inc -I/home/prem/Downloads/stm32cubewl-v1-6-0/STM32Cube_FW_WL_V1.6.0/Drivers/BSP/STM32WLxx_Nucleo -I/home/prem/Downloads/stm32cubewl-v1-6-0/STM32Cube_FW_WL_V1.6.0/Drivers/BSP/Components -I/home/prem/Downloads/stm32cubewl-v1-6-0/STM32Cube_FW_WL_V1.6.0/Projects/NUCLEO-WL55JC/Applications/SubGHz_Phy/SubGHz_Phy_PingPong_DualCore/Common/Board -I/home/prem/Downloads/stm32cubewl-v1-6-0/STM32Cube_FW_WL_V1.6.0/Utilities/misc -I/home/prem/Downloads/stm32cubewl-v1-6-0/STM32Cube_FW_WL_V1.6.0/Projects/NUCLEO-WL55JC/Applications/SubGHz_Phy/SubGHz_Phy_PingPong_DualCore/CM0PLUS/MbMux -I/home/prem/Downloads/stm32cubewl-v1-6-0/STM32Cube_FW_WL_V1.6.0/Projects/NUCLEO-WL55JC/Applications/SubGHz_Phy/SubGHz_Phy_PingPong_DualCore/Common/MbMux -I/home/prem/Downloads/stm32cubewl-v1-6-0/STM32Cube_FW_WL_V1.6.0/Projects/NUCLEO-WL55JC/Applications/SubGHz_Phy/SubGHz_Phy_PingPong_DualCore/CM0PLUS/Core/Inc -I/home/prem/Downloads/stm32cubewl-v1-6-0/STM32Cube_FW_WL_V1.6.0/Projects/NUCLEO-WL55JC/Applications/SubGHz_Phy/SubGHz_Phy_PingPong_DualCore/CM0PLUS/SubGHz_Phy/Target -I/home/prem/Downloads/stm32cubewl-v1-6-0/STM32Cube_FW_WL_V1.6.0/Utilities/trace/adv_trace -I/home/prem/Downloads/stm32cubewl-v1-6-0/STM32Cube_FW_WL_V1.6.0/Projects/NUCLEO-WL55JC/Applications/SubGHz_Phy/SubGHz_Phy_PingPong_DualCore/Common/System -I/home/prem/Downloads/stm32cubewl-v1-6-0/STM32Cube_FW_WL_V1.6.0/Utilities/timer -c hal/stm32wlxx_hal_cortex.c -o hal/stm32wlxx_hal_cortex.o
hal/stm32wlxx_hal_cortex.c: In function 'HAL_NVIC_SetPriority':
hal/stm32wlxx_hal_cortex.c:158:78: warning: unused parameter 'SubPriority' [-Wunused-parameter]
  158 | void HAL_NVIC_SetPriority(IRQn_Type IRQn, uint32_t PreemptPriority, uint32_t SubPriority)
      |                                                                     ~~~~~~~~~^~~~~~~~~~~
arm-none-eabi-gcc -mcpu=cortex-m0plus -mthumb -O2 -Wall -Wextra -g -fdata-sections -ffunction-sections -DUSE_HAL_DRIVER -DSTM32WL55xx -DCORE_CM0PLUS -DUSE_BSP_DRIVER -I. -IInc -Iradio_driver -Ihal -Isubghz -Ibsp -Icore -Itarget -I/home/prem/Downloads/stm32cubewl-v1-6-0/STM32Cube_FW_WL_V1.6.0/Drivers/CMSIS/Device/ST/STM32WLxx/Include -I/home/prem/Downloads/stm32cubewl-v1-6-0/STM32Cube_FW_WL_V1.6.0/Drivers/CMSIS/Include -I/home/prem/Downloads/stm32cubewl-v1-6-0/STM32Cube_FW_WL_V1.6.0/Drivers/STM32WLxx_HAL_Driver/Inc -I/home/prem/Downloads/stm32cubewl-v1-6-0/STM32Cube_FW_WL_V1.6.0/Drivers/BSP/STM32WLxx_Nucleo -I/home/prem/Downloads/stm32cubewl-v1-6-0/STM32Cube_FW_WL_V1.6.0/Drivers/BSP/Components -I/home/prem/Downloads/stm32cubewl-v1-6-0/STM32Cube_FW_WL_V1.6.0/Projects/NUCLEO-WL55JC/Applications/SubGHz_Phy/SubGHz_Phy_PingPong_DualCore/Common/Board -I/home/prem/Downloads/stm32cubewl-v1-6-0/STM32Cube_FW_WL_V1.6.0/Utilities/misc -I/home/prem/Downloads/stm32cubewl-v1-6-0/STM32Cube_FW_WL_V1.6.0/Projects/NUCLEO-WL55JC/Applications/SubGHz_Phy/SubGHz_Phy_PingPong_DualCore/CM0PLUS/MbMux -I/home/prem/Downloads/stm32cubewl-v1-6-0/STM32Cube_FW_WL_V1.6.0/Projects/NUCLEO-WL55JC/Applications/SubGHz_Phy/SubGHz_Phy_PingPong_DualCore/Common/MbMux -I/home/prem/Downloads/stm32cubewl-v1-6-0/STM32Cube_FW_WL_V1.6.0/Projects/NUCLEO-WL55JC/Applications/SubGHz_Phy/SubGHz_Phy_PingPong_DualCore/CM0PLUS/Core/Inc -I/home/prem/Downloads/stm32cubewl-v1-6-0/STM32Cube_FW_WL_V1.6.0/Projects/NUCLEO-WL55JC/Applications/SubGHz_Phy/SubGHz_Phy_PingPong_DualCore/CM0PLUS/SubGHz_Phy/Target -I/home/prem/Downloads/stm32cubewl-v1-6-0/STM32Cube_FW_WL_V1.6.0/Utilities/trace/adv_trace -I/home/prem/Downloads/stm32cubewl-v1-6-0/STM32Cube_FW_WL_V1.6.0/Projects/NUCLEO-WL55JC/Applications/SubGHz_Phy/SubGHz_Phy_PingPong_DualCore/Common/System -I/home/prem/Downloads/stm32cubewl-v1-6-0/STM32Cube_FW_WL_V1.6.0/Utilities/timer -c hal/stm32wlxx_hal_pwr.c -o hal/stm32wlxx_hal_pwr.o
arm-none-eabi-gcc -mcpu=cortex-m0plus -mthumb -O2 -Wall -Wextra -g -fdata-sections -ffunction-sections -DUSE_HAL_DRIVER -DSTM32WL55xx -DCORE_CM0PLUS -DUSE_BSP_DRIVER -I. -IInc -Iradio_driver -Ihal -Isubghz -Ibsp -Icore -Itarget -I/home/prem/Downloads/stm32cubewl-v1-6-0/STM32Cube_FW_WL_V1.6.0/Drivers/CMSIS/Device/ST/STM32WLxx/Include -I/home/prem/Downloads/stm32cubewl-v1-6-0/STM32Cube_FW_WL_V1.6.0/Drivers/CMSIS/Include -I/home/prem/Downloads/stm32cubewl-v1-6-0/STM32Cube_FW_WL_V1.6.0/Drivers/STM32WLxx_HAL_Driver/Inc -I/home/prem/Downloads/stm32cubewl-v1-6-0/STM32Cube_FW_WL_V1.6.0/Drivers/BSP/STM32WLxx_Nucleo -I/home/prem/Downloads/stm32cubewl-v1-6-0/STM32Cube_FW_WL_V1.6.0/Drivers/BSP/Components -I/home/prem/Downloads/stm32cubewl-v1-6-0/STM32Cube_FW_WL_V1.6.0/Projects/NUCLEO-WL55JC/Applications/SubGHz_Phy/SubGHz_Phy_PingPong_DualCore/Common/Board -I/home/prem/Downloads/stm32cubewl-v1-6-0/STM32Cube_FW_WL_V1.6.0/Utilities/misc -I/home/prem/Downloads/stm32cubewl-v1-6-0/STM32Cube_FW_WL_V1.6.0/Projects/NUCLEO-WL55JC/Applications/SubGHz_Phy/SubGHz_Phy_PingPong_DualCore/CM0PLUS/MbMux -I/home/prem/Downloads/stm32cubewl-v1-6-0/STM32Cube_FW_WL_V1.6.0/Projects/NUCLEO-WL55JC/Applications/SubGHz_Phy/SubGHz_Phy_PingPong_DualCore/Common/MbMux -I/home/prem/Downloads/stm32cubewl-v1-6-0/STM32Cube_FW_WL_V1.6.0/Projects/NUCLEO-WL55JC/Applications/SubGHz_Phy/SubGHz_Phy_PingPong_DualCore/CM0PLUS/Core/Inc -I/home/prem/Downloads/stm32cubewl-v1-6-0/STM32Cube_FW_WL_V1.6.0/Projects/NUCLEO-WL55JC/Applications/SubGHz_Phy/SubGHz_Phy_PingPong_DualCore/CM0PLUS/SubGHz_Phy/Target -I/home/prem/Downloads/stm32cubewl-v1-6-0/STM32Cube_FW_WL_V1.6.0/Utilities/trace/adv_trace -I/home/prem/Downloads/stm32cubewl-v1-6-0/STM32Cube_FW_WL_V1.6.0/Projects/NUCLEO-WL55JC/Applications/SubGHz_Phy/SubGHz_Phy_PingPong_DualCore/Common/System -I/home/prem/Downloads/stm32cubewl-v1-6-0/STM32Cube_FW_WL_V1.6.0/Utilities/timer -c hal/stm32wlxx_hal_pwr_ex.c -o hal/stm32wlxx_hal_pwr_ex.o
hal/stm32wlxx_hal_pwr_ex.c: In function 'HAL_PWREx_HoldCore':
hal/stm32wlxx_hal_pwr_ex.c:529:34: warning: unused parameter 'CPU' [-Wunused-parameter]
  529 | void HAL_PWREx_HoldCore(uint32_t CPU)
      |                         ~~~~~~~~~^~~
hal/stm32wlxx_hal_pwr_ex.c: In function 'HAL_PWREx_ReleaseCore':
hal/stm32wlxx_hal_pwr_ex.c:544:37: warning: unused parameter 'CPU' [-Wunused-parameter]
  544 | void HAL_PWREx_ReleaseCore(uint32_t CPU)
      |                            ~~~~~~~~~^~~
arm-none-eabi-gcc -mcpu=cortex-m0plus -mthumb -O2 -Wall -Wextra -g -fdata-sections -ffunction-sections -DUSE_HAL_DRIVER -DSTM32WL55xx -DCORE_CM0PLUS -DUSE_BSP_DRIVER -I. -IInc -Iradio_driver -Ihal -Isubghz -Ibsp -Icore -Itarget -I/home/prem/Downloads/stm32cubewl-v1-6-0/STM32Cube_FW_WL_V1.6.0/Drivers/CMSIS/Device/ST/STM32WLxx/Include -I/home/prem/Downloads/stm32cubewl-v1-6-0/STM32Cube_FW_WL_V1.6.0/Drivers/CMSIS/Include -I/home/prem/Downloads/stm32cubewl-v1-6-0/STM32Cube_FW_WL_V1.6.0/Drivers/STM32WLxx_HAL_Driver/Inc -I/home/prem/Downloads/stm32cubewl-v1-6-0/STM32Cube_FW_WL_V1.6.0/Drivers/BSP/STM32WLxx_Nucleo -I/home/prem/Downloads/stm32cubewl-v1-6-0/STM32Cube_FW_WL_V1.6.0/Drivers/BSP/Components -I/home/prem/Downloads/stm32cubewl-v1-6-0/STM32Cube_FW_WL_V1.6.0/Projects/NUCLEO-WL55JC/Applications/SubGHz_Phy/SubGHz_Phy_PingPong_DualCore/Common/Board -I/home/prem/Downloads/stm32cubewl-v1-6-0/STM32Cube_FW_WL_V1.6.0/Utilities/misc -I/home/prem/Downloads/stm32cubewl-v1-6-0/STM32Cube_FW_WL_V1.6.0/Projects/NUCLEO-WL55JC/Applications/SubGHz_Phy/SubGHz_Phy_PingPong_DualCore/CM0PLUS/MbMux -I/home/prem/Downloads/stm32cubewl-v1-6-0/STM32Cube_FW_WL_V1.6.0/Projects/NUCLEO-WL55JC/Applications/SubGHz_Phy/SubGHz_Phy_PingPong_DualCore/Common/MbMux -I/home/prem/Downloads/stm32cubewl-v1-6-0/STM32Cube_FW_WL_V1.6.0/Projects/NUCLEO-WL55JC/Applications/SubGHz_Phy/SubGHz_Phy_PingPong_DualCore/CM0PLUS/Core/Inc -I/home/prem/Downloads/stm32cubewl-v1-6-0/STM32Cube_FW_WL_V1.6.0/Projects/NUCLEO-WL55JC/Applications/SubGHz_Phy/SubGHz_Phy_PingPong_DualCore/CM0PLUS/SubGHz_Phy/Target -I/home/prem/Downloads/stm32cubewl-v1-6-0/STM32Cube_FW_WL_V1.6.0/Utilities/trace/adv_trace -I/home/prem/Downloads/stm32cubewl-v1-6-0/STM32Cube_FW_WL_V1.6.0/Projects/NUCLEO-WL55JC/Applications/SubGHz_Phy/SubGHz_Phy_PingPong_DualCore/Common/System -I/home/prem/Downloads/stm32cubewl-v1-6-0/STM32Cube_FW_WL_V1.6.0/Utilities/timer -c bsp/stm32wlxx_nucleo_radio.c -o bsp/stm32wlxx_nucleo_radio.o
arm-none-eabi-gcc -mcpu=cortex-m0plus -mthumb -g -c startup_cm0p.s -o startup_cm0p.o
startup_cm0p.s: Assembler messages:
startup_cm0p.s: Warning: end of file not at end of a line; newline inserted
arm-none-eabi-gcc -mcpu=cortex-m0plus -mthumb -T ../scripts/wl55jc_cm0p.ld -Wl,--gc-sections -Wl,-Map=ipcc_m0plus.map --specs=nano.specs --specs=nosys.specs -nostartfiles -o ipcc_m0plus.elf ipcc_m0plus_main.o uart_debug.o core/stm32_seq.o core/stm32_lpm.o core/stm32_mem.o core/system_stm32wlxx.o core/timer_if.o core/rtc.o core/error_handler.o core/stm32_adv_trace.o core/stm32_tiny_vsnprintf.o core/stm32_trace_driver.o radio_driver/radio.o radio_driver/radio_driver.o radio_driver/radio_fw.o radio_driver/stm32_timer.o radio_driver/sys_app.o target/radio_board_if.o subghz/subghz.o hal/stm32wlxx_hal.o hal/stm32wlxx_hal_subghz.o hal/stm32wlxx_hal_rtc.o hal/stm32wlxx_hal_rtc_ex.o hal/stm32wlxx_hal_rcc.o hal/stm32wlxx_hal_rcc_ex.o hal/stm32wlxx_hal_gpio.o hal/stm32wlxx_hal_cortex.o hal/stm32wlxx_hal_pwr.o hal/stm32wlxx_hal_pwr_ex.o bsp/stm32wlxx_nucleo_radio.o startup_cm0p.o
arm-none-eabi-objcopy -O binary ipcc_m0plus.elf ipcc_m0plus.bin

╔══════════════════════════════════════╗
║  Built: ipcc_m0plus.bin                 
║  Flash target: 0x08020000             
╚══════════════════════════════════════╝
   text	   data	    bss	    dec	    hex	filename
  29600	    620	   2340	  32560	   7f30	ipcc_m0plus.elf
